******************************************************************************
                  TI ARM Linker PC v15.12.2                    
******************************************************************************
>> Linked Mon Jun 20 01:37:22 2016

OUTPUT FILE NAME:   <ProjectZeroApp_CC2650LAUNCHXL.out>
ENTRY POINT SYMBOL: "ResetISR"  address: 00004115


MEMORY CONFIGURATION

         name            origin    length      used     unused   attr    fill
----------------------  --------  ---------  --------  --------  ----  --------
  FLASH                 00000000   0000dfff  00008666  00005999  R  X
  FLASH_LAST_PAGE       0001f000   00001000  00000058  00000fa8  R  X
  SRAM                  20000000   000043e7  00002b21  000018c6  RW X


SEGMENT ALLOCATION MAP

run origin  load origin   length   init length attrs members
----------  ----------- ---------- ----------- ----- -------
00000000    00000000    0000866c   0000866c    r-x
  00000000    00000000    0000003c   0000003c    r-- .resetVecs
  0000003c    0000003c    000000c4   000000c4    r-x .text.1
  00000100    00000100    0000003c   0000003c    r-- .const:ti_sysbios_knl_Task_Object__PARAMS__C
  0000013c    0000013c    00000034   00000034    r-- .const:ti_sysbios_knl_Mailbox_Object__PARAMS__C
  00000170    00000170    00000030   00000030    r-- .const:ti_sysbios_family_arm_m3_Hwi_Object__PARAMS__C
  000001a0    000001a0    0000002c   0000002c    r-- .const:ti_sysbios_hal_Hwi_Object__PARAMS__C
  000001cc    000001cc    00000028   00000028    r-- .const:ti_sysbios_heaps_HeapMem_Module__FXNS__C
  000001f4    000001f4    00000028   00000028    r-- .const:ti_sysbios_knl_Swi_Object__PARAMS__C
  0000021c    0000021c    00000024   00000024    r-- .const:ti_sysbios_gates_GateHwi_Module__FXNS__C
  00000240    00000240    00000024   00000024    r-- .const:ti_sysbios_gates_GateMutex_Module__FXNS__C
  00000264    00000264    00000024   00000024    r-- .const:ti_sysbios_heaps_HeapMem_Object__PARAMS__C
  00000288    00000288    00000024   00000024    r-- .const:ti_sysbios_knl_Clock_Object__PARAMS__C
  000002ac    000002ac    00000024   00000024    r-- .const:ti_sysbios_knl_Semaphore_Object__PARAMS__C
  000002d0    000002d0    00000020   00000020    r-- .const:ti_sysbios_family_arm_m3_Hwi_Object__DESC__C
  000002f0    000002f0    00000020   00000020    r-- .const:ti_sysbios_gates_GateHwi_Object__DESC__C
  00000310    00000310    00000020   00000020    r-- .const:ti_sysbios_gates_GateMutex_Object__DESC__C
  00000330    00000330    00000020   00000020    r-- .const:ti_sysbios_hal_Hwi_Object__DESC__C
  00000350    00000350    00000020   00000020    r-- .const:ti_sysbios_heaps_HeapMem_Object__DESC__C
  00000370    00000370    00000020   00000020    r-- .const:ti_sysbios_knl_Clock_Object__DESC__C
  00000390    00000390    00000020   00000020    r-- .const:ti_sysbios_knl_Mailbox_Object__DESC__C
  000003b0    000003b0    00000020   00000020    r-- .const:ti_sysbios_knl_Queue_Object__DESC__C
  000003d0    000003d0    00000020   00000020    r-- .const:ti_sysbios_knl_Semaphore_Object__DESC__C
  000003f0    000003f0    00000020   00000020    r-- .const:ti_sysbios_knl_Swi_Object__DESC__C
  00000410    00000410    00000020   00000020    r-- .const:ti_sysbios_knl_Task_Object__DESC__C
  00000430    00000430    00000018   00000018    r-- .const:ti_sysbios_gates_GateHwi_Object__PARAMS__C
  00000448    00000448    00000018   00000018    r-- .const:ti_sysbios_gates_GateMutex_Object__PARAMS__C
  00000460    00000460    00000018   00000018    r-- .const:ti_sysbios_knl_Queue_Object__PARAMS__C
  00000478    00000478    00000008   00000008    r-- .const:ti_sysbios_knl_Idle_funcList__C
  00000480    00000480    00000004   00000004    r-x .text.2
  00000484    00000484    00000004   00000004    r-- .const:ti_sysbios_family_arm_cc26xx_Timer_startupNeeded__C
  00000488    00000488    00000004   00000004    r-- .const:ti_sysbios_family_arm_m3_Hwi_E_alreadyDefined__C
  0000048c    0000048c    00000004   00000004    r-- .const:ti_sysbios_family_arm_m3_Hwi_E_hwiLimitExceeded__C
  00000490    00000490    00000004   00000004    r-- .const:ti_sysbios_family_arm_m3_Hwi_NUM_INTERRUPTS__C
  00000494    00000494    00000004   00000004    r-- .const:ti_sysbios_family_arm_m3_Hwi_Object__count__C
  00000498    00000498    00000004   00000004    r-- .const:ti_sysbios_family_arm_m3_Hwi_Object__table__C
  0000049c    0000049c    00000004   00000004    r-- .const:ti_sysbios_family_arm_m3_Hwi_ccr__C
  000004a0    000004a0    00000004   00000004    r-- .const:ti_sysbios_family_arm_m3_Hwi_excHandlerFunc__C
  000004a4    000004a4    00000004   00000004    r-- .const:ti_sysbios_family_arm_m3_Hwi_nullIsrFunc__C
  000004a8    000004a8    00000004   00000004    r-- .const:ti_sysbios_family_arm_m3_Hwi_numSparseInterrupts__C
  000004ac    000004ac    00000004   00000004    r-- .const:ti_sysbios_family_arm_m3_Hwi_priGroup__C
  000004b0    000004b0    00000004   00000004    r-- .const:ti_sysbios_family_arm_m3_TaskSupport_stackAlignment__C
  000004b4    000004b4    00000004   00000004    r-- .const:ti_sysbios_heaps_HeapMem_E_memory__C
  000004b8    000004b8    00000004   00000004    r-- .const:ti_sysbios_heaps_HeapMem_Module__gateObj__C
  000004bc    000004bc    00000004   00000004    r-- .const:ti_sysbios_heaps_HeapMem_Object__count__C
  000004c0    000004c0    00000004   00000004    r-- .const:ti_sysbios_heaps_HeapMem_Object__table__C
  000004c4    000004c4    00000004   00000004    r-- .const:ti_sysbios_heaps_HeapMem_reqAlign__C
  000004c8    000004c8    00000004   00000004    r-- .const:ti_sysbios_knl_Clock_serviceMargin__C
  000004cc    000004cc    00000004   00000004    r-- .const:ti_sysbios_knl_Mailbox_Object__count__C
  000004d0    000004d0    00000004   00000004    r-- .const:ti_sysbios_knl_Mailbox_Object__table__C
  000004d4    000004d4    00000004   00000004    r-- .const:ti_sysbios_knl_Queue_Object__count__C
  000004d8    000004d8    00000004   00000004    r-- .const:ti_sysbios_knl_Queue_Object__table__C
  000004dc    000004dc    00000004   00000004    r-- .const:ti_sysbios_knl_Swi_Object__count__C
  000004e0    000004e0    00000004   00000004    r-- .const:ti_sysbios_knl_Swi_Object__table__C
  000004e4    000004e4    00000004   00000004    r-- .const:ti_sysbios_knl_Swi_numPriorities__C
  000004e8    000004e8    00000004   00000004    r-- .const:ti_sysbios_knl_Task_Object__count__C
  000004ec    000004ec    00000004   00000004    r-- .const:ti_sysbios_knl_Task_Object__table__C
  000004f0    000004f0    00000004   00000004    r-- .const:ti_sysbios_knl_Task_allBlockedFunc__C
  000004f4    000004f4    00000004   00000004    r-- .const:ti_sysbios_knl_Task_defaultStackHeap__C
  000004f8    000004f8    00000004   00000004    r-- .const:ti_sysbios_knl_Task_defaultStackSize__C
  000004fc    000004fc    00000004   00000004    r-- .const:ti_sysbios_knl_Task_numConstructedTasks__C
  00000500    00000500    00000002   00000002    r-x .text.3
  00000502    00000502    00000002   00000002    r-- .const:ti_sysbios_family_arm_cc26xx_Timer_Module__id__C
  00000504    00000504    00000002   00000002    r-- .const:ti_sysbios_family_arm_cc26xx_TimestampProvider_useClockTimer__C
  00000506    00000506    00000002   00000002    r-- .const:ti_sysbios_family_arm_m3_Hwi_Module__id__C
  00000508    00000508    00000002   00000002    r-- .const:ti_sysbios_gates_GateHwi_Module__id__C
  0000050a    0000050a    00000002   00000002    r-- .const:ti_sysbios_gates_GateMutex_Module__id__C
  0000050c    0000050c    00000002   00000002    r-- .const:ti_sysbios_heaps_HeapMem_Module__id__C
  0000050e    0000050e    00000002   00000002    r-- .const:ti_sysbios_knl_Task_initStackFlag__C
  00000510    00000510    00000001   00000001    r-- .const:ti_sysbios_knl_Clock_tickMode__C
  00000514    00000514    00000008   00000008    r-- .const:xdc_runtime_Startup_firstFxns__C
  0000051c    0000051c    00000008   00000008    r-- .const:xdc_runtime_Startup_lastFxns__C
  00000524    00000524    00000004   00000004    r-- .const:xdc_runtime_Assert_E_assertFailed__C
  00000528    00000528    00000004   00000004    r-- .const:xdc_runtime_Error_E_memory__C
  0000052c    0000052c    00000004   00000004    r-- .const:xdc_runtime_Error_policyFxn__C
  00000530    00000530    00000004   00000004    r-- .const:xdc_runtime_IGateProvider_Interface__BASE__C
  00000534    00000534    00000004   00000004    r-- .const:xdc_runtime_IHeap_Interface__BASE__C
  00000538    00000538    00000004   00000004    r-- .const:xdc_runtime_IModule_Interface__BASE__C
  0000053c    0000053c    00000004   00000004    r-- .const:xdc_runtime_Main_Module__diagsEnabled__C
  00000540    00000540    00000004   00000004    r-- .const:xdc_runtime_Main_Module__diagsIncluded__C
  00000544    00000544    00000004   00000004    r-- .const:xdc_runtime_Main_Module__diagsMask__C
  00000548    00000548    00000004   00000004    r-- .const:xdc_runtime_Memory_defaultHeapInstance__C
  0000054c    0000054c    00000004   00000004    r-- .const:xdc_runtime_Startup_execImpl__C
  00000550    00000550    00000004   00000004    r-- .const:xdc_runtime_Startup_maxPasses__C
  00000554    00000554    00000004   00000004    r-- .const:xdc_runtime_Startup_sfxnRts__C
  00000558    00000558    00000004   00000004    r-- .const:xdc_runtime_Startup_sfxnTab__C
  0000055c    0000055c    00000004   00000004    r-- .const:xdc_runtime_Startup_startModsFxn__C
  00000560    00000560    00000004   00000004    r-- .const:xdc_runtime_SysCallback_abortFxn__C
  00000564    00000564    00000004   00000004    r-- .const:xdc_runtime_SysCallback_exitFxn__C
  00000568    00000568    00000004   00000004    r-- .const:xdc_runtime_System_abortFxn__C
  0000056c    0000056c    00000004   00000004    r-- .const:xdc_runtime_System_exitFxn__C
  00000570    00000570    00000004   00000004    r-- .const:xdc_runtime_System_maxAtexitHandlers__C
  00000574    00000574    00000004   00000004    r-- .const:xdc_runtime_Text_charTab__C
  00000578    00000578    00000004   00000004    r-- .const:xdc_runtime_Text_nameEmpty__C
  0000057c    0000057c    00000004   00000004    r-- .const:xdc_runtime_Text_nameStatic__C
  00000580    00000580    00000004   00000004    r-- .const:xdc_runtime_Text_nameUnknown__C
  00000584    00000584    00000002   00000002    r-- .const:xdc_runtime_Main_Module__id__C
  00000586    00000586    00000002   00000002    r-- .const:xdc_runtime_Memory_Module__id__C
  00000588    00000588    00000002   00000002    r-- .const:xdc_runtime_Text_charCnt__C
  0000058a    0000058a    00000002   00000002    r-- .const:xdc_runtime_Text_isLoaded__C
  0000058c    0000058c    00000001   00000001    r-- .const:xdc_runtime_Error_policy__C
  00000590    00000590    00000004   00000004    r-- .const:ti_sysbios_rom_ROM_AONRTCChannelEnable
  00000594    00000594    00000004   00000004    r-- .const:ti_sysbios_rom_ROM_AONRTCCompareValueSet
  00000598    00000598    00000004   00000004    r-- .const:ti_sysbios_rom_ROM_AONRTCCurrentCompareValueGet
  0000059c    0000059c    00000004   00000004    r-- .const:ti_sysbios_rom_ROM_AONRTCEventClear
  000005a0    000005a0    00000004   00000004    r-- .const:ti_sysbios_rom_ROM_ti_sysbios_family_arm_cc26xx_Timer_getCount64__E
  000005a4    000005a4    00000004   00000004    r-- .const:ti_sysbios_rom_ROM_ti_sysbios_family_arm_cc26xx_Timer_getCurrentTick__E
  000005a8    000005a8    00000004   00000004    r-- .const:ti_sysbios_rom_ROM_ti_sysbios_family_arm_cc26xx_Timer_getMaxTicks__E
  000005ac    000005ac    00000004   00000004    r-- .const:ti_sysbios_rom_ROM_ti_sysbios_family_arm_cc26xx_Timer_initDevice__I
  000005b0    000005b0    00000004   00000004    r-- .const:ti_sysbios_rom_ROM_ti_sysbios_family_arm_cc26xx_Timer_setNextTick__E
  000005b4    000005b4    00000004   00000004    r-- .const:ti_sysbios_rom_ROM_ti_sysbios_family_arm_cc26xx_Timer_setThreshold__I
  000005b8    000005b8    00000004   00000004    r-- .const:ti_sysbios_rom_ROM_ti_sysbios_family_arm_cc26xx_Timer_start__E
  000005bc    000005bc    00000004   00000004    r-- .const:ti_sysbios_rom_ROM_ti_sysbios_family_arm_cc26xx_TimestampProvider_get32__E
  000005c0    000005c0    00000004   00000004    r-- .const:ti_sysbios_rom_ROM_xdc_runtime_Startup_getState__I
  000005c4    000005c4    00000004   00000004    r-- .const:ti_sysbios_rom_ROM_xdc_runtime_System_SupportProxy_abort__E
  000005c8    000005c8    00000004   00000004    r-- .const:ti_sysbios_rom_ROM_xdc_runtime_System_SupportProxy_exit__E
  000005cc    000005cc    00000004   00000004    r-- .const:ti_sysbios_gates_GateMutex_Instance_State_sem__O
  000005d0    000005d0    00000004   00000004    r-- .const:ti_sysbios_knl_Clock_Module_State_clockQ__O
  000005d4    000005d4    00000004   00000004    r-- .const:ti_sysbios_knl_Mailbox_Instance_State_dataQue__O
  000005d8    000005d8    00000004   00000004    r-- .const:ti_sysbios_knl_Mailbox_Instance_State_dataSem__O
  000005dc    000005dc    00000004   00000004    r-- .const:ti_sysbios_knl_Mailbox_Instance_State_freeQue__O
  000005e0    000005e0    00000004   00000004    r-- .const:ti_sysbios_knl_Mailbox_Instance_State_freeSem__O
  000005e4    000005e4    00000004   00000004    r-- .const:ti_sysbios_knl_Semaphore_Instance_State_pendQ__O
  000005e8    000005e8    00000004   00000004    r-- .const:ti_sysbios_knl_Task_Module_State_inactiveQ__O
  000005ec    000005ec    00005db0   00005db0    r-x .text.4
  0000639c    0000639c    00001b44   00001b44    r-- .const
  00007ee0    00007ee0    0000078c   0000078c    r-- .cinit
0001ffa8    0001ffa8    00000058   00000058    r--
  0001ffa8    0001ffa8    00000058   00000058    r-- .ccfg
20000000    20000000    000000c8   00000000    rw-
  20000000    20000000    000000c8   00000000    rw- .vecs
20000100    20000100    00002664   00000000    rw-
  20000100    20000100    00000044   00000000    rw- .data:ti_sysbios_knl_Task_Module__state__V
  20000144    20000144    00000034   00000000    rw- .data:ti_sysbios_family_arm_m3_Hwi_Module__state__V
  20000178    20000178    0000002c   00000000    rw- .data:ti_sysbios_knl_Clock_Module__state__V
  200001a4    200001a4    00000024   00000000    rw- .data:ti_sysbios_BIOS_Module__state__V
  200001c8    200001c8    0000001c   00000000    rw- .data:ti_sysbios_knl_Swi_Module__state__V
  200001e4    200001e4    00000008   00000000    rw- .data:ti_sysbios_family_arm_cc26xx_Timer_Module__state__V
  200001ec    200001ec    00000004   00000000    rw- .data:ti_sysbios_family_arm_cc26xx_TimestampProvider_Module__state__V
  200001f0    200001f0    00000008   00000000    rw- .data:xdc_runtime_Startup_Module__state__V
  200001f8    200001f8    00000008   00000000    rw- .data:xdc_runtime_System_Module__state__V
  20000200    20000200    00000004   00000000    rw- .data:xdc_runtime_Memory_Module__state__V
  20000208    20000208    00001609   00000000    rw- .bss
  20001818    20001818    00000f4c   00000000    rw- .data
20003fe4    20003fe4    00000400   00000000    rw-
  20003fe4    20003fe4    00000400   00000000    rw- .stack


SECTION ALLOCATION MAP

 output                                  attributes/
section   page    origin      length       input sections
--------  ----  ----------  ----------   ----------------
.resetVecs 
*          0    00000000    0000003c     
                  00000000    0000003c     appBLE_UartLog_pem3.oem3 (.resetVecs)

.text.1    0    0000003c    000000c4     
                  0000003c    000000b4     driverlib.lib : setup.obj (.text:trimDevice)
                  000000f0    00000010     devinfoservice.obj (.text:DevInfo_SetParameter)

.const:ti_sysbios_knl_Task_Object__PARAMS__C 
*          0    00000100    0000003c     
                  00000100    0000003c     appBLE_UartLog_pem3.oem3 (.const:ti_sysbios_knl_Task_Object__PARAMS__C)

.const:ti_sysbios_knl_Mailbox_Object__PARAMS__C 
*          0    0000013c    00000034     
                  0000013c    00000034     appBLE_UartLog_pem3.oem3 (.const:ti_sysbios_knl_Mailbox_Object__PARAMS__C)

.const:ti_sysbios_family_arm_m3_Hwi_Object__PARAMS__C 
*          0    00000170    00000030     
                  00000170    00000030     appBLE_UartLog_pem3.oem3 (.const:ti_sysbios_family_arm_m3_Hwi_Object__PARAMS__C)

.const:ti_sysbios_hal_Hwi_Object__PARAMS__C 
*          0    000001a0    0000002c     
                  000001a0    0000002c     appBLE_UartLog_pem3.oem3 (.const:ti_sysbios_hal_Hwi_Object__PARAMS__C)

.const:ti_sysbios_heaps_HeapMem_Module__FXNS__C 
*          0    000001cc    00000028     
                  000001cc    00000028     appBLE_UartLog_pem3.oem3 (.const:ti_sysbios_heaps_HeapMem_Module__FXNS__C)

.const:ti_sysbios_knl_Swi_Object__PARAMS__C 
*          0    000001f4    00000028     
                  000001f4    00000028     appBLE_UartLog_pem3.oem3 (.const:ti_sysbios_knl_Swi_Object__PARAMS__C)

.const:ti_sysbios_gates_GateHwi_Module__FXNS__C 
*          0    0000021c    00000024     
                  0000021c    00000024     appBLE_UartLog_pem3.oem3 (.const:ti_sysbios_gates_GateHwi_Module__FXNS__C)

.const:ti_sysbios_gates_GateMutex_Module__FXNS__C 
*          0    00000240    00000024     
                  00000240    00000024     appBLE_UartLog_pem3.oem3 (.const:ti_sysbios_gates_GateMutex_Module__FXNS__C)

.const:ti_sysbios_heaps_HeapMem_Object__PARAMS__C 
*          0    00000264    00000024     
                  00000264    00000024     appBLE_UartLog_pem3.oem3 (.const:ti_sysbios_heaps_HeapMem_Object__PARAMS__C)

.const:ti_sysbios_knl_Clock_Object__PARAMS__C 
*          0    00000288    00000024     
                  00000288    00000024     appBLE_UartLog_pem3.oem3 (.const:ti_sysbios_knl_Clock_Object__PARAMS__C)

.const:ti_sysbios_knl_Semaphore_Object__PARAMS__C 
*          0    000002ac    00000024     
                  000002ac    00000024     appBLE_UartLog_pem3.oem3 (.const:ti_sysbios_knl_Semaphore_Object__PARAMS__C)

.const:ti_sysbios_family_arm_m3_Hwi_Object__DESC__C 
*          0    000002d0    00000020     
                  000002d0    00000020     appBLE_UartLog_pem3.oem3 (.const:ti_sysbios_family_arm_m3_Hwi_Object__DESC__C)

.const:ti_sysbios_gates_GateHwi_Object__DESC__C 
*          0    000002f0    00000020     
                  000002f0    00000020     appBLE_UartLog_pem3.oem3 (.const:ti_sysbios_gates_GateHwi_Object__DESC__C)

.const:ti_sysbios_gates_GateMutex_Object__DESC__C 
*          0    00000310    00000020     
                  00000310    00000020     appBLE_UartLog_pem3.oem3 (.const:ti_sysbios_gates_GateMutex_Object__DESC__C)

.const:ti_sysbios_hal_Hwi_Object__DESC__C 
*          0    00000330    00000020     
                  00000330    00000020     appBLE_UartLog_pem3.oem3 (.const:ti_sysbios_hal_Hwi_Object__DESC__C)

.const:ti_sysbios_heaps_HeapMem_Object__DESC__C 
*          0    00000350    00000020     
                  00000350    00000020     appBLE_UartLog_pem3.oem3 (.const:ti_sysbios_heaps_HeapMem_Object__DESC__C)

.const:ti_sysbios_knl_Clock_Object__DESC__C 
*          0    00000370    00000020     
                  00000370    00000020     appBLE_UartLog_pem3.oem3 (.const:ti_sysbios_knl_Clock_Object__DESC__C)

.const:ti_sysbios_knl_Mailbox_Object__DESC__C 
*          0    00000390    00000020     
                  00000390    00000020     appBLE_UartLog_pem3.oem3 (.const:ti_sysbios_knl_Mailbox_Object__DESC__C)

.const:ti_sysbios_knl_Queue_Object__DESC__C 
*          0    000003b0    00000020     
                  000003b0    00000020     appBLE_UartLog_pem3.oem3 (.const:ti_sysbios_knl_Queue_Object__DESC__C)

.const:ti_sysbios_knl_Semaphore_Object__DESC__C 
*          0    000003d0    00000020     
                  000003d0    00000020     appBLE_UartLog_pem3.oem3 (.const:ti_sysbios_knl_Semaphore_Object__DESC__C)

.const:ti_sysbios_knl_Swi_Object__DESC__C 
*          0    000003f0    00000020     
                  000003f0    00000020     appBLE_UartLog_pem3.oem3 (.const:ti_sysbios_knl_Swi_Object__DESC__C)

.const:ti_sysbios_knl_Task_Object__DESC__C 
*          0    00000410    00000020     
                  00000410    00000020     appBLE_UartLog_pem3.oem3 (.const:ti_sysbios_knl_Task_Object__DESC__C)

.const:ti_sysbios_gates_GateHwi_Object__PARAMS__C 
*          0    00000430    00000018     
                  00000430    00000018     appBLE_UartLog_pem3.oem3 (.const:ti_sysbios_gates_GateHwi_Object__PARAMS__C)

.const:ti_sysbios_gates_GateMutex_Object__PARAMS__C 
*          0    00000448    00000018     
                  00000448    00000018     appBLE_UartLog_pem3.oem3 (.const:ti_sysbios_gates_GateMutex_Object__PARAMS__C)

.const:ti_sysbios_knl_Queue_Object__PARAMS__C 
*          0    00000460    00000018     
                  00000460    00000018     appBLE_UartLog_pem3.oem3 (.const:ti_sysbios_knl_Queue_Object__PARAMS__C)

.const:ti_sysbios_knl_Idle_funcList__C 
*          0    00000478    00000008     
                  00000478    00000008     appBLE_UartLog_pem3.oem3 (.const:ti_sysbios_knl_Idle_funcList__C)

.text.2    0    00000480    00000004     
                  00000480    00000004     ICallBleAPI.obj (.text:GATTServApp_AddService)

.const:ti_sysbios_family_arm_cc26xx_Timer_startupNeeded__C 
*          0    00000484    00000004     
                  00000484    00000004     appBLE_UartLog_pem3.oem3 (.const:ti_sysbios_family_arm_cc26xx_Timer_startupNeeded__C)

.const:ti_sysbios_family_arm_m3_Hwi_E_alreadyDefined__C 
*          0    00000488    00000004     
                  00000488    00000004     appBLE_UartLog_pem3.oem3 (.const:ti_sysbios_family_arm_m3_Hwi_E_alreadyDefined__C)

.const:ti_sysbios_family_arm_m3_Hwi_E_hwiLimitExceeded__C 
*          0    0000048c    00000004     
                  0000048c    00000004     appBLE_UartLog_pem3.oem3 (.const:ti_sysbios_family_arm_m3_Hwi_E_hwiLimitExceeded__C)

.const:ti_sysbios_family_arm_m3_Hwi_NUM_INTERRUPTS__C 
*          0    00000490    00000004     
                  00000490    00000004     appBLE_UartLog_pem3.oem3 (.const:ti_sysbios_family_arm_m3_Hwi_NUM_INTERRUPTS__C)

.const:ti_sysbios_family_arm_m3_Hwi_Object__count__C 
*          0    00000494    00000004     
                  00000494    00000004     appBLE_UartLog_pem3.oem3 (.const:ti_sysbios_family_arm_m3_Hwi_Object__count__C)

.const:ti_sysbios_family_arm_m3_Hwi_Object__table__C 
*          0    00000498    00000004     
                  00000498    00000004     appBLE_UartLog_pem3.oem3 (.const:ti_sysbios_family_arm_m3_Hwi_Object__table__C)

.const:ti_sysbios_family_arm_m3_Hwi_ccr__C 
*          0    0000049c    00000004     
                  0000049c    00000004     appBLE_UartLog_pem3.oem3 (.const:ti_sysbios_family_arm_m3_Hwi_ccr__C)

.const:ti_sysbios_family_arm_m3_Hwi_excHandlerFunc__C 
*          0    000004a0    00000004     
                  000004a0    00000004     appBLE_UartLog_pem3.oem3 (.const:ti_sysbios_family_arm_m3_Hwi_excHandlerFunc__C)

.const:ti_sysbios_family_arm_m3_Hwi_nullIsrFunc__C 
*          0    000004a4    00000004     
                  000004a4    00000004     appBLE_UartLog_pem3.oem3 (.const:ti_sysbios_family_arm_m3_Hwi_nullIsrFunc__C)

.const:ti_sysbios_family_arm_m3_Hwi_numSparseInterrupts__C 
*          0    000004a8    00000004     
                  000004a8    00000004     appBLE_UartLog_pem3.oem3 (.const:ti_sysbios_family_arm_m3_Hwi_numSparseInterrupts__C)

.const:ti_sysbios_family_arm_m3_Hwi_priGroup__C 
*          0    000004ac    00000004     
                  000004ac    00000004     appBLE_UartLog_pem3.oem3 (.const:ti_sysbios_family_arm_m3_Hwi_priGroup__C)

.const:ti_sysbios_family_arm_m3_TaskSupport_stackAlignment__C 
*          0    000004b0    00000004     
                  000004b0    00000004     appBLE_UartLog_pem3.oem3 (.const:ti_sysbios_family_arm_m3_TaskSupport_stackAlignment__C)

.const:ti_sysbios_heaps_HeapMem_E_memory__C 
*          0    000004b4    00000004     
                  000004b4    00000004     appBLE_UartLog_pem3.oem3 (.const:ti_sysbios_heaps_HeapMem_E_memory__C)

.const:ti_sysbios_heaps_HeapMem_Module__gateObj__C 
*          0    000004b8    00000004     
                  000004b8    00000004     appBLE_UartLog_pem3.oem3 (.const:ti_sysbios_heaps_HeapMem_Module__gateObj__C)

.const:ti_sysbios_heaps_HeapMem_Object__count__C 
*          0    000004bc    00000004     
                  000004bc    00000004     appBLE_UartLog_pem3.oem3 (.const:ti_sysbios_heaps_HeapMem_Object__count__C)

.const:ti_sysbios_heaps_HeapMem_Object__table__C 
*          0    000004c0    00000004     
                  000004c0    00000004     appBLE_UartLog_pem3.oem3 (.const:ti_sysbios_heaps_HeapMem_Object__table__C)

.const:ti_sysbios_heaps_HeapMem_reqAlign__C 
*          0    000004c4    00000004     
                  000004c4    00000004     appBLE_UartLog_pem3.oem3 (.const:ti_sysbios_heaps_HeapMem_reqAlign__C)

.const:ti_sysbios_knl_Clock_serviceMargin__C 
*          0    000004c8    00000004     
                  000004c8    00000004     appBLE_UartLog_pem3.oem3 (.const:ti_sysbios_knl_Clock_serviceMargin__C)

.const:ti_sysbios_knl_Mailbox_Object__count__C 
*          0    000004cc    00000004     
                  000004cc    00000004     appBLE_UartLog_pem3.oem3 (.const:ti_sysbios_knl_Mailbox_Object__count__C)

.const:ti_sysbios_knl_Mailbox_Object__table__C 
*          0    000004d0    00000004     
                  000004d0    00000004     appBLE_UartLog_pem3.oem3 (.const:ti_sysbios_knl_Mailbox_Object__table__C)

.const:ti_sysbios_knl_Queue_Object__count__C 
*          0    000004d4    00000004     
                  000004d4    00000004     appBLE_UartLog_pem3.oem3 (.const:ti_sysbios_knl_Queue_Object__count__C)

.const:ti_sysbios_knl_Queue_Object__table__C 
*          0    000004d8    00000004     
                  000004d8    00000004     appBLE_UartLog_pem3.oem3 (.const:ti_sysbios_knl_Queue_Object__table__C)

.const:ti_sysbios_knl_Swi_Object__count__C 
*          0    000004dc    00000004     
                  000004dc    00000004     appBLE_UartLog_pem3.oem3 (.const:ti_sysbios_knl_Swi_Object__count__C)

.const:ti_sysbios_knl_Swi_Object__table__C 
*          0    000004e0    00000004     
                  000004e0    00000004     appBLE_UartLog_pem3.oem3 (.const:ti_sysbios_knl_Swi_Object__table__C)

.const:ti_sysbios_knl_Swi_numPriorities__C 
*          0    000004e4    00000004     
                  000004e4    00000004     appBLE_UartLog_pem3.oem3 (.const:ti_sysbios_knl_Swi_numPriorities__C)

.const:ti_sysbios_knl_Task_Object__count__C 
*          0    000004e8    00000004     
                  000004e8    00000004     appBLE_UartLog_pem3.oem3 (.const:ti_sysbios_knl_Task_Object__count__C)

.const:ti_sysbios_knl_Task_Object__table__C 
*          0    000004ec    00000004     
                  000004ec    00000004     appBLE_UartLog_pem3.oem3 (.const:ti_sysbios_knl_Task_Object__table__C)

.const:ti_sysbios_knl_Task_allBlockedFunc__C 
*          0    000004f0    00000004     
                  000004f0    00000004     appBLE_UartLog_pem3.oem3 (.const:ti_sysbios_knl_Task_allBlockedFunc__C)

.const:ti_sysbios_knl_Task_defaultStackHeap__C 
*          0    000004f4    00000004     
                  000004f4    00000004     appBLE_UartLog_pem3.oem3 (.const:ti_sysbios_knl_Task_defaultStackHeap__C)

.const:ti_sysbios_knl_Task_defaultStackSize__C 
*          0    000004f8    00000004     
                  000004f8    00000004     appBLE_UartLog_pem3.oem3 (.const:ti_sysbios_knl_Task_defaultStackSize__C)

.const:ti_sysbios_knl_Task_numConstructedTasks__C 
*          0    000004fc    00000004     
                  000004fc    00000004     appBLE_UartLog_pem3.oem3 (.const:ti_sysbios_knl_Task_numConstructedTasks__C)

.text.3    0    00000500    00000002     
                  00000500    00000002     appBLE_UartLog_pem3.oem3 (.text:ti_sysbios_BIOS_nullFunc__I)

.const:ti_sysbios_family_arm_cc26xx_Timer_Module__id__C 
*          0    00000502    00000002     
                  00000502    00000002     appBLE_UartLog_pem3.oem3 (.const:ti_sysbios_family_arm_cc26xx_Timer_Module__id__C)

.const:ti_sysbios_family_arm_cc26xx_TimestampProvider_useClockTimer__C 
*          0    00000504    00000002     
                  00000504    00000002     appBLE_UartLog_pem3.oem3 (.const:ti_sysbios_family_arm_cc26xx_TimestampProvider_useClockTimer__C)

.const:ti_sysbios_family_arm_m3_Hwi_Module__id__C 
*          0    00000506    00000002     
                  00000506    00000002     appBLE_UartLog_pem3.oem3 (.const:ti_sysbios_family_arm_m3_Hwi_Module__id__C)

.const:ti_sysbios_gates_GateHwi_Module__id__C 
*          0    00000508    00000002     
                  00000508    00000002     appBLE_UartLog_pem3.oem3 (.const:ti_sysbios_gates_GateHwi_Module__id__C)

.const:ti_sysbios_gates_GateMutex_Module__id__C 
*          0    0000050a    00000002     
                  0000050a    00000002     appBLE_UartLog_pem3.oem3 (.const:ti_sysbios_gates_GateMutex_Module__id__C)

.const:ti_sysbios_heaps_HeapMem_Module__id__C 
*          0    0000050c    00000002     
                  0000050c    00000002     appBLE_UartLog_pem3.oem3 (.const:ti_sysbios_heaps_HeapMem_Module__id__C)

.const:ti_sysbios_knl_Task_initStackFlag__C 
*          0    0000050e    00000002     
                  0000050e    00000002     appBLE_UartLog_pem3.oem3 (.const:ti_sysbios_knl_Task_initStackFlag__C)

.const:ti_sysbios_knl_Clock_tickMode__C 
*          0    00000510    00000001     
                  00000510    00000001     appBLE_UartLog_pem3.oem3 (.const:ti_sysbios_knl_Clock_tickMode__C)

.const:xdc_runtime_Startup_firstFxns__C 
*          0    00000514    00000008     
                  00000514    00000008     appBLE_UartLog_pem3.oem3 (.const:xdc_runtime_Startup_firstFxns__C)

.const:xdc_runtime_Startup_lastFxns__C 
*          0    0000051c    00000008     
                  0000051c    00000008     appBLE_UartLog_pem3.oem3 (.const:xdc_runtime_Startup_lastFxns__C)

.const:xdc_runtime_Assert_E_assertFailed__C 
*          0    00000524    00000004     
                  00000524    00000004     appBLE_UartLog_pem3.oem3 (.const:xdc_runtime_Assert_E_assertFailed__C)

.const:xdc_runtime_Error_E_memory__C 
*          0    00000528    00000004     
                  00000528    00000004     appBLE_UartLog_pem3.oem3 (.const:xdc_runtime_Error_E_memory__C)

.const:xdc_runtime_Error_policyFxn__C 
*          0    0000052c    00000004     
                  0000052c    00000004     appBLE_UartLog_pem3.oem3 (.const:xdc_runtime_Error_policyFxn__C)

.const:xdc_runtime_IGateProvider_Interface__BASE__C 
*          0    00000530    00000004     
                  00000530    00000004     appBLE_UartLog_pem3.oem3 (.const:xdc_runtime_IGateProvider_Interface__BASE__C)

.const:xdc_runtime_IHeap_Interface__BASE__C 
*          0    00000534    00000004     
                  00000534    00000004     appBLE_UartLog_pem3.oem3 (.const:xdc_runtime_IHeap_Interface__BASE__C)

.const:xdc_runtime_IModule_Interface__BASE__C 
*          0    00000538    00000004     
                  00000538    00000004     appBLE_UartLog_pem3.oem3 (.const:xdc_runtime_IModule_Interface__BASE__C)

.const:xdc_runtime_Main_Module__diagsEnabled__C 
*          0    0000053c    00000004     
                  0000053c    00000004     appBLE_UartLog_pem3.oem3 (.const:xdc_runtime_Main_Module__diagsEnabled__C)

.const:xdc_runtime_Main_Module__diagsIncluded__C 
*          0    00000540    00000004     
                  00000540    00000004     appBLE_UartLog_pem3.oem3 (.const:xdc_runtime_Main_Module__diagsIncluded__C)

.const:xdc_runtime_Main_Module__diagsMask__C 
*          0    00000544    00000004     
                  00000544    00000004     appBLE_UartLog_pem3.oem3 (.const:xdc_runtime_Main_Module__diagsMask__C)

.const:xdc_runtime_Memory_defaultHeapInstance__C 
*          0    00000548    00000004     
                  00000548    00000004     appBLE_UartLog_pem3.oem3 (.const:xdc_runtime_Memory_defaultHeapInstance__C)

.const:xdc_runtime_Startup_execImpl__C 
*          0    0000054c    00000004     
                  0000054c    00000004     appBLE_UartLog_pem3.oem3 (.const:xdc_runtime_Startup_execImpl__C)

.const:xdc_runtime_Startup_maxPasses__C 
*          0    00000550    00000004     
                  00000550    00000004     appBLE_UartLog_pem3.oem3 (.const:xdc_runtime_Startup_maxPasses__C)

.const:xdc_runtime_Startup_sfxnRts__C 
*          0    00000554    00000004     
                  00000554    00000004     appBLE_UartLog_pem3.oem3 (.const:xdc_runtime_Startup_sfxnRts__C)

.const:xdc_runtime_Startup_sfxnTab__C 
*          0    00000558    00000004     
                  00000558    00000004     appBLE_UartLog_pem3.oem3 (.const:xdc_runtime_Startup_sfxnTab__C)

.const:xdc_runtime_Startup_startModsFxn__C 
*          0    0000055c    00000004     
                  0000055c    00000004     appBLE_UartLog_pem3.oem3 (.const:xdc_runtime_Startup_startModsFxn__C)

.const:xdc_runtime_SysCallback_abortFxn__C 
*          0    00000560    00000004     
                  00000560    00000004     appBLE_UartLog_pem3.oem3 (.const:xdc_runtime_SysCallback_abortFxn__C)

.const:xdc_runtime_SysCallback_exitFxn__C 
*          0    00000564    00000004     
                  00000564    00000004     appBLE_UartLog_pem3.oem3 (.const:xdc_runtime_SysCallback_exitFxn__C)

.const:xdc_runtime_System_abortFxn__C 
*          0    00000568    00000004     
                  00000568    00000004     appBLE_UartLog_pem3.oem3 (.const:xdc_runtime_System_abortFxn__C)

.const:xdc_runtime_System_exitFxn__C 
*          0    0000056c    00000004     
                  0000056c    00000004     appBLE_UartLog_pem3.oem3 (.const:xdc_runtime_System_exitFxn__C)

.const:xdc_runtime_System_maxAtexitHandlers__C 
*          0    00000570    00000004     
                  00000570    00000004     appBLE_UartLog_pem3.oem3 (.const:xdc_runtime_System_maxAtexitHandlers__C)

.const:xdc_runtime_Text_charTab__C 
*          0    00000574    00000004     
                  00000574    00000004     appBLE_UartLog_pem3.oem3 (.const:xdc_runtime_Text_charTab__C)

.const:xdc_runtime_Text_nameEmpty__C 
*          0    00000578    00000004     
                  00000578    00000004     appBLE_UartLog_pem3.oem3 (.const:xdc_runtime_Text_nameEmpty__C)

.const:xdc_runtime_Text_nameStatic__C 
*          0    0000057c    00000004     
                  0000057c    00000004     appBLE_UartLog_pem3.oem3 (.const:xdc_runtime_Text_nameStatic__C)

.const:xdc_runtime_Text_nameUnknown__C 
*          0    00000580    00000004     
                  00000580    00000004     appBLE_UartLog_pem3.oem3 (.const:xdc_runtime_Text_nameUnknown__C)

.const:xdc_runtime_Main_Module__id__C 
*          0    00000584    00000002     
                  00000584    00000002     appBLE_UartLog_pem3.oem3 (.const:xdc_runtime_Main_Module__id__C)

.const:xdc_runtime_Memory_Module__id__C 
*          0    00000586    00000002     
                  00000586    00000002     appBLE_UartLog_pem3.oem3 (.const:xdc_runtime_Memory_Module__id__C)

.const:xdc_runtime_Text_charCnt__C 
*          0    00000588    00000002     
                  00000588    00000002     appBLE_UartLog_pem3.oem3 (.const:xdc_runtime_Text_charCnt__C)

.const:xdc_runtime_Text_isLoaded__C 
*          0    0000058a    00000002     
                  0000058a    00000002     appBLE_UartLog_pem3.oem3 (.const:xdc_runtime_Text_isLoaded__C)

.const:xdc_runtime_Error_policy__C 
*          0    0000058c    00000001     
                  0000058c    00000001     appBLE_UartLog_pem3.oem3 (.const:xdc_runtime_Error_policy__C)

.const:ti_sysbios_rom_ROM_AONRTCChannelEnable 
*          0    00000590    00000004     
                  00000590    00000004     appBLE_UartLog_pem3.oem3 (.const:ti_sysbios_rom_ROM_AONRTCChannelEnable)

.const:ti_sysbios_rom_ROM_AONRTCCompareValueSet 
*          0    00000594    00000004     
                  00000594    00000004     appBLE_UartLog_pem3.oem3 (.const:ti_sysbios_rom_ROM_AONRTCCompareValueSet)

.const:ti_sysbios_rom_ROM_AONRTCCurrentCompareValueGet 
*          0    00000598    00000004     
                  00000598    00000004     appBLE_UartLog_pem3.oem3 (.const:ti_sysbios_rom_ROM_AONRTCCurrentCompareValueGet)

.const:ti_sysbios_rom_ROM_AONRTCEventClear 
*          0    0000059c    00000004     
                  0000059c    00000004     appBLE_UartLog_pem3.oem3 (.const:ti_sysbios_rom_ROM_AONRTCEventClear)

.const:ti_sysbios_rom_ROM_ti_sysbios_family_arm_cc26xx_Timer_getCount64__E 
*          0    000005a0    00000004     
                  000005a0    00000004     appBLE_UartLog_pem3.oem3 (.const:ti_sysbios_rom_ROM_ti_sysbios_family_arm_cc26xx_Timer_getCount64__E)

.const:ti_sysbios_rom_ROM_ti_sysbios_family_arm_cc26xx_Timer_getCurrentTick__E 
*          0    000005a4    00000004     
                  000005a4    00000004     appBLE_UartLog_pem3.oem3 (.const:ti_sysbios_rom_ROM_ti_sysbios_family_arm_cc26xx_Timer_getCurrentTick__E)

.const:ti_sysbios_rom_ROM_ti_sysbios_family_arm_cc26xx_Timer_getMaxTicks__E 
*          0    000005a8    00000004     
                  000005a8    00000004     appBLE_UartLog_pem3.oem3 (.const:ti_sysbios_rom_ROM_ti_sysbios_family_arm_cc26xx_Timer_getMaxTicks__E)

.const:ti_sysbios_rom_ROM_ti_sysbios_family_arm_cc26xx_Timer_initDevice__I 
*          0    000005ac    00000004     
                  000005ac    00000004     appBLE_UartLog_pem3.oem3 (.const:ti_sysbios_rom_ROM_ti_sysbios_family_arm_cc26xx_Timer_initDevice__I)

.const:ti_sysbios_rom_ROM_ti_sysbios_family_arm_cc26xx_Timer_setNextTick__E 
*          0    000005b0    00000004     
                  000005b0    00000004     appBLE_UartLog_pem3.oem3 (.const:ti_sysbios_rom_ROM_ti_sysbios_family_arm_cc26xx_Timer_setNextTick__E)

.const:ti_sysbios_rom_ROM_ti_sysbios_family_arm_cc26xx_Timer_setThreshold__I 
*          0    000005b4    00000004     
                  000005b4    00000004     appBLE_UartLog_pem3.oem3 (.const:ti_sysbios_rom_ROM_ti_sysbios_family_arm_cc26xx_Timer_setThreshold__I)

.const:ti_sysbios_rom_ROM_ti_sysbios_family_arm_cc26xx_Timer_start__E 
*          0    000005b8    00000004     
                  000005b8    00000004     appBLE_UartLog_pem3.oem3 (.const:ti_sysbios_rom_ROM_ti_sysbios_family_arm_cc26xx_Timer_start__E)

.const:ti_sysbios_rom_ROM_ti_sysbios_family_arm_cc26xx_TimestampProvider_get32__E 
*          0    000005bc    00000004     
                  000005bc    00000004     appBLE_UartLog_pem3.oem3 (.const:ti_sysbios_rom_ROM_ti_sysbios_family_arm_cc26xx_TimestampProvider_get32__E)

.const:ti_sysbios_rom_ROM_xdc_runtime_Startup_getState__I 
*          0    000005c0    00000004     
                  000005c0    00000004     appBLE_UartLog_pem3.oem3 (.const:ti_sysbios_rom_ROM_xdc_runtime_Startup_getState__I)

.const:ti_sysbios_rom_ROM_xdc_runtime_System_SupportProxy_abort__E 
*          0    000005c4    00000004     
                  000005c4    00000004     appBLE_UartLog_pem3.oem3 (.const:ti_sysbios_rom_ROM_xdc_runtime_System_SupportProxy_abort__E)

.const:ti_sysbios_rom_ROM_xdc_runtime_System_SupportProxy_exit__E 
*          0    000005c8    00000004     
                  000005c8    00000004     appBLE_UartLog_pem3.oem3 (.const:ti_sysbios_rom_ROM_xdc_runtime_System_SupportProxy_exit__E)

.const:ti_sysbios_gates_GateMutex_Instance_State_sem__O 
*          0    000005cc    00000004     
                  000005cc    00000004     appBLE_UartLog_pem3.oem3 (.const:ti_sysbios_gates_GateMutex_Instance_State_sem__O)

.const:ti_sysbios_knl_Clock_Module_State_clockQ__O 
*          0    000005d0    00000004     
                  000005d0    00000004     appBLE_UartLog_pem3.oem3 (.const:ti_sysbios_knl_Clock_Module_State_clockQ__O)

.const:ti_sysbios_knl_Mailbox_Instance_State_dataQue__O 
*          0    000005d4    00000004     
                  000005d4    00000004     appBLE_UartLog_pem3.oem3 (.const:ti_sysbios_knl_Mailbox_Instance_State_dataQue__O)

.const:ti_sysbios_knl_Mailbox_Instance_State_dataSem__O 
*          0    000005d8    00000004     
                  000005d8    00000004     appBLE_UartLog_pem3.oem3 (.const:ti_sysbios_knl_Mailbox_Instance_State_dataSem__O)

.const:ti_sysbios_knl_Mailbox_Instance_State_freeQue__O 
*          0    000005dc    00000004     
                  000005dc    00000004     appBLE_UartLog_pem3.oem3 (.const:ti_sysbios_knl_Mailbox_Instance_State_freeQue__O)

.const:ti_sysbios_knl_Mailbox_Instance_State_freeSem__O 
*          0    000005e0    00000004     
                  000005e0    00000004     appBLE_UartLog_pem3.oem3 (.const:ti_sysbios_knl_Mailbox_Instance_State_freeSem__O)

.const:ti_sysbios_knl_Semaphore_Instance_State_pendQ__O 
*          0    000005e4    00000004     
                  000005e4    00000004     appBLE_UartLog_pem3.oem3 (.const:ti_sysbios_knl_Semaphore_Instance_State_pendQ__O)

.const:ti_sysbios_knl_Task_Module_State_inactiveQ__O 
*          0    000005e8    00000004     
                  000005e8    00000004     appBLE_UartLog_pem3.oem3 (.const:ti_sysbios_knl_Task_Module_State_inactiveQ__O)

.text.4    0    000005ec    00005db0     
                  000005ec    00000376     driverlib.lib : setup.obj (.text:HapiTrimDeviceShutDown$23)
                  00000962    00000002     sysbios.aem3 : mangled__BIOS_lib.obj (.text:ti_sysbios_family_arm_cc26xx_Power_defaultClockFunc__E)
                  00000964    0000034c                  : mangled__BIOS_lib.obj (.text:ti_sysbios_family_arm_cc26xx_Power_auxISR__E)
                  00000cb0    000002f8                  : mangled__BIOS_lib.obj (.text:ti_sysbios_family_arm_cc26xx_Power_sleep__E)
                  00000fa8    00000234     peripheral.obj (.text:GAPRole_SetParameter)
                  000011dc    00000228     peripheral.obj (.text:gapRole_processGAPMsg$11)
                  00001404    00000204     ProjectZero.obj (.text:ProjectZero_init$0)
                  00001608    000001f4     rtsv7M3_T_le_eabi.lib : ull_div_t2.obj (.text)
                  000017fc    000001c8     driverlib.lib : sys_ctrl.obj (.text:SysCtrlSetRechargeBeforePowerDown)
                  000019c4    000001a4     drivers_cc26xxware.aem3 : PINCC26XX.oem3 (.text:PIN_init)
                  00001b68    00000124     peripheral.obj (.text:GAPRole_GetParameter)
                  00001c8c    00000104     sysbios.aem3 : mangled__BIOS_lib.obj (.text:calibrateRcoscHf1$28)
                  00001d90    000000f8                  : mangled__BIOS_lib.obj (.text:ti_sysbios_family_arm_cc26xx_Power_startFirstMeasurement__E)
                  00001e88    000000f4     peripheral.obj (.text:gapRole_taskFxn$11)
                  00001f7c    000000f2     driverlib.lib : setup.obj (.text:GetTrimForAnabypassValue1$23)
                  0000206e    00000002     sysbios.aem3 : mangled__BIOS_lib.obj (.text:ti_sysbios_family_arm_cc26xx_Power_defaultNotifyTrapFunc__E)
                  00002070    000000f0                  : mangled__BIOS_lib.obj (.text:ti_sysbios_family_arm_cc26xx_Power_standbyPolicy__E)
                  00002160    000000ec     ICall.obj (.text:ICall_primWaitMatch$1)
                  0000224c    000000e0     Data_Service.obj (.text:Data_Service_WriteAttrCB$6)
                  0000232c    000000d8     sysbios.aem3 : mangled__BIOS_lib.obj (.text:ti_sysbios_family_arm_cc26xx_Power_setDependency__E)
                  00002404    000000d0                  : mangled__BIOS_lib.obj (.text:ti_sysbios_family_arm_cc26xx_Power_releaseDependency__E)
                  000024d4    000000b8     drivers_cc26xxware.aem3 : PINCC26XX.oem3 (.text:PINCC26XX_setIoCfg)
                  0000258c    000000b0     devinfoservice.obj (.text:devInfo_ReadAttrCB$8)
                  0000263c    000000b0     sysbios.aem3 : mangled__BIOS_lib.obj (.text:ti_sysbios_knl_Clock_workFuncDynamic__E)
                  000026ec    000000a8     LED_Service.obj (.text:LED_Service_WriteAttrCB$7)
                  00002794    000000a4     sysbios.aem3 : mangled__BIOS_lib.obj (.text:ti_sysbios_family_arm_cc26xx_Power_initiateCalibration__E)
                  00002838    000000a0     auto_init.aem3 : auto_init.oem3 (.text)
                  000028d8    0000009c     rtsv7M3_T_le_eabi.lib : memcpy_t2.obj (.text)
                  00002974    00000098     gattservapp_util.obj (.text:GATTServApp_ProcessCharCfg)
                  00002a0c    00000094     driverlib.lib : osc.obj (.text:OSCHF_GetStartupTime)
                  00002aa0    00000090                   : setup.obj (.text:GetTrimForAmpcompCtrl$23)
                  00002b30    00000090     drivers_cc26xxware.aem3 : PINCC26XX.oem3 (.text:PIN_open)
                  00002bc0    00000090     peripheral.obj (.text:gapRole_init$11)
                  00002c50    0000008c     sysbios.aem3 : mangled__BIOS_lib.obj (.text:ti_sysbios_family_arm_cc26xx_Power_LF_clockFunc__E)
                  00002cdc    0000008c                  : mangled__BIOS_lib.obj (.text:ti_sysbios_family_arm_cc26xx_Power_Module_startup__E)
                  00002d68    00000088                  : mangled__BIOS_lib.obj (.text:ti_sysbios_family_arm_cc26xx_Timer_start__E)
                  00002df0    00000084     ICall.obj (.text:ICall_heapMalloc)
                  00002e74    00000084     ICall.obj (.text:ICall_primSetTimer$1)
                  00002ef8    00000080     ProjectZero.obj (.text:ProjectZero_taskFxn$0)
                  00002f78    0000007a     rtsv7M3_T_le_eabi.lib : memset_t2.obj (.text)
                  00002ff2    00000002     appBLE_UartLog_pem3.oem3 (.text:ti_sysbios_rom_cortexm_cc26xx_CC26xx_badRomRevision__E)
                  00002ff4    00000074     ICall.obj (.text:ICall_primSend$1)
                  00003068    00000072     driverlib.lib : chipinfo.obj (.text:ChipInfo_GetHwRevision)
                  000030da    00000070     gattservapp_util.obj (.text:gattServApp_SendNotiInd$10)
                  0000314a    00000070     ProjectZero.obj (.text:user_processGapStateChangeEvt$0)
                  000031ba    00000002     uart_logs.obj (.text:uartLog_flush)
                  000031bc    0000006c     ICallCC2650.obj (.text:ICallPlatform_pwrUpdActivityCounter)
                  00003228    0000006c     ICall.obj (.text:ICall_createRemoteTasks)
                  00003294    0000006c     driverlib.lib : sys_ctrl.obj (.text:SysCtrl_DCDC_VoltageConditionalControl)
                  00003300    0000006c     ProjectZero.obj (.text:buttonDebounceSwiFxn$0)
                  0000336c    0000006c     peripheral.obj (.text:gapRole_startConnUpdate$11)
                  000033d8    0000006a     rtsv7M3_T_le_eabi.lib : copy_decompress_rle.obj (.text)
                  00003442    00000002     uart_logs.obj (.text:uartLog_outputFxn)
                  00003444    00000068     Button_Service.obj (.text:Button_Service_WriteAttrCB$5)
                  000034ac    00000068     ProjectZero.obj (.text:Util_convertArrayToHexString$0)
                  00003514    00000064     Data_Service.obj (.text:DataService_SetParameter)
                  00003578    00000064     driverlib.lib : osc.obj (.text:OSCHF_AttemptToSwitchToXosc)
                  000035dc    00000064     ProjectZero.obj (.text:user_processApplicationMessage$0)
                  00003640    00000062     driverlib.lib : sys_ctrl.obj (.text:SysCtrlAdjustRechargeAfterPowerDown)
                  000036a2    00000002     ProjectZero.obj (.text:user_ButtonService_CfgChangeHandler$0)
                  000036a4    00000060     appBLE_UartLog_pem3.oem3 (.text:ti_sysbios_family_arm_cc26xx_Power_XOSC_HF_clockFunc__E)
                  00003704    00000060     sysbios.aem3 : mangled__BIOS_lib.obj (.text:ti_sysbios_family_arm_cc26xx_Timer_setNextTick__E)
                  00003764    0000005c     appBLE_UartLog_pem3.oem3 (.text:xdc_runtime_Startup_getState__I)
                  000037c0    0000005a     driverlib.lib : ddi.obj (.text:NOROM_DDI16BitfieldWrite)
                  0000381a    00000002     ProjectZero.obj (.text:user_DataService_CfgChangeHandler$0)
                  0000381c    00000058     ICall.obj (.text:ICall_primEnroll$1)
                  00003874    00000058     sysbios.aem3 : mangled__BIOS_lib.obj (.text:ti_sysbios_family_arm_cc26xx_Power_notify__I)
                  000038cc    00000054     Button_Service.obj (.text:ButtonService_SetParameter)
                  00003920    00000054     Button_Service.obj (.text:Button_Service_ReadAttrCB$5)
                  00003974    00000054     Data_Service.obj (.text:Data_Service_ReadAttrCB$6)
                  000039c8    00000054     ICall.obj (.text:ICall_primThreadServes$1)
                  00003a1c    00000054     LED_Service.obj (.text:LED_Service_ReadAttrCB$7)
                  00003a70    00000054     rtsv7M3_T_le_eabi.lib : exit.obj (.text)
                  00003ac4    00000054     ProjectZero.obj (.text:user_enqueueCharDataMsg$0)
                  00003b18    00000052     ICall.obj (.text:ICall_primWait$1)
                  00003b6a    00000052     driverlib.lib : osc.obj (.text:NOROM_OSCClockSourceSet)
                  00003bbc    00000050     ICallBleAPI.obj (.text:GAP_DeviceInit)
                  00003c0c    00000050     ICallBleAPI.obj (.text:GAP_UpdateAdvertisingData)
                  00003c5c    00000050     ICall.obj (.text:ICall_primGetEntityId$1)
                  00003cac    00000050     ICall.obj (.text:ICall_primRegisterApp$1)
                  00003cfc    00000050     util.obj (.text:Util_convertBdAddr2Str)
                  00003d4c    0000004c     Button_Service.obj (.text:Button_Service_findCharParamId$5)
                  00003d98    0000004c     Data_Service.obj (.text:Data_Service_findCharParamId$6)
                  00003de4    0000004c     peripheral.obj (.text:GAPRole_SendUpdateParam)
                  00003e30    0000004c     ICall.obj (.text:ICall_newTask$1)
                  00003e7c    0000004c     LED_Service.obj (.text:LED_Service_findCharParamId$7)
                  00003ec8    0000004c     drivers_cc26xxware.aem3 : PINCC26XX.oem3 (.text:PIN_Isr)
                  00003f14    0000004c     peripheral.obj (.text:gapRole_processStackMsg$11)
                  00003f60    0000004c     rtsv7M3_T_le_eabi.lib : cpy_tbl.obj (.text)
                  00003fac    0000004a     gattservapp_util.obj (.text:GATTServApp_ProcessCCCWriteReq)
                  00003ff6    00000002     ProjectZero.obj (.text:user_gapBondMgr_pairStateCB$0)
                  00003ff8    00000048     ICallBleAPI.obj (.text:gattIndNoti$3)
                  00004040    00000048     sysbios.aem3 : mangled__BIOS_lib.obj (.text:xdc_runtime_LoggerCallback_write8__E)
                  00004088    00000046     driverlib.lib : ddi.obj (.text:NOROM_DDI16BitfieldRead)
                  000040ce    00000002     sysbios.aem3 : mangled__BIOS_lib.obj (.text:xdc_runtime_SysCallback_defaultAbort)
                  000040d0    00000044     ICallBleAPI.obj (.text:GAP_TerminateLinkReq)
                  00004114    00000044     boot.aem3 : boot.oem3 (.text)
                  00004158    00000044     ICallBleAPI.obj (.text:gapSendParamAndPtrCmd$3)
                  0000419c    00000044     sysbios.aem3 : mangled__BIOS_lib.obj (.text:ti_sysbios_family_arm_cc26xx_Timer_initDevice__I)
                  000041e0    00000044     ProjectZero.obj (.text:user_enqueueRawAppMsg$0)
                  00004224    00000044     sysbios.aem3 : mangled__BIOS_lib.obj (.text:xdc_runtime_LoggerCallback_Module_startup__E)
                  00004268    00000042     ICall.obj (.text:ICall_primCreateSemaphore$1)
                  000042aa    00000042     ICall.obj (.text:ICall_primCreateTask$1)
                  000042ec    00000040     Button_Service.obj (.text:ButtonService_AddService)
                  0000432c    00000040     peripheral.obj (.text:GAPRole_createTask)
                  0000436c    00000040     ICallBleAPI.obj (.text:GATT_SendRsp)
                  000043ac    00000040     driverlib.lib : osc.obj (.text:NOROM_OSCInterfaceEnable)
                  000043ec    00000040     ProjectZero.obj (.text:ProjectZero_createTask)
                  0000442c    00000040     appBLE_UartLog_pem3.oem3 (.text:ti_sysbios_family_arm_cc26xx_Power_XOSC_HF)
                  0000446c    00000040     sysbios.aem3 : mangled__BIOS_lib.obj (.text:ti_sysbios_family_arm_cc26xx_Power_isStableXOSC_HF__E)
                  000044ac    00000040                  : mangled__BIOS_lib.obj (.text:ti_sysbios_family_arm_cc26xx_Timer_getCurrentTick__E)
                  000044ec    0000003e     ICallBleAPI.obj (.text:hciSendParamsCmd$3)
                  0000452a    00000002     sysbios.aem3 : mangled__BIOS_lib.obj (.text:xdc_runtime_SysCallback_defaultExit)
                  0000452c    0000003c     ICallBleAPI.obj (.text:GAP_GetParamValue)
                  00004568    0000003c     ICallBleAPI.obj (.text:GATTServApp_RegisterService)
                  000045a4    0000003c     ICallCC2650.obj (.text:ICallPlatform_pwrConfigACAction)
                  000045e0    0000003c     ICallBleAPI.obj (.text:profileSetParameter$3)
                  0000461c    0000003c     ICallBleAPI.obj (.text:sendWaitMatchCS$3)
                  00004658    0000003c     ICallBleAPI.obj (.text:sendWaitMatchValueCS$3)
                  00004694    0000003c     sysbios.aem3 : mangled__BIOS_lib.obj (.text:ti_sysbios_family_arm_cc26xx_Power_releaseConstraint__E)
                  000046d0    00000038     ICallBleAPI.obj (.text:GAPBondMgr_LinkEst)
                  00004708    00000038     ICall.obj (.text:ICall_primGetMaxMSecs$1)
                  00004740    00000038     drivers_cc26xxware.aem3 : PINCC26XX.oem3 (.text:PIN_setOutputValue)
                  00004778    00000038     ProjectZero.obj (.text:ProjectZero_sendAttRsp$0)
                  000047b0    00000038     util.obj (.text:Util_restartClock)
                  000047e8    00000038     ICallBleAPI.obj (.text:linkDB_NumConns)
                  00004820    00000038     sysbios.aem3 : mangled__BIOS_lib.obj (.text:ti_sysbios_family_arm_cc26xx_Power_setConstraint__E)
                  00004858    00000038                  : mangled__BIOS_lib.obj (.text:ti_sysbios_family_arm_cc26xx_Timer_setThreshold__I)
                  00004890    00000038                  : mangled__BIOS_lib.obj (.text:xdc_runtime_LoggerCallback_write4__E)
                  000048c8    00000036     ICallCC2650.obj (.text:ICallPlatform_pwrDispenseImpl$2)
                  000048fe    00000036     ICallCC2650.obj (.text:ICallPlatform_pwrRequireImpl$2)
                  00004934    00000036     ICall.obj (.text:ICall_primWaitSemaphore$1)
                  0000496a    00000034     driverlib.lib : chipinfo.obj (.text:ChipInfo_GetChipFamily)
                  0000499e    00000002     --HOLE-- [fill = 0]
                  000049a0    00000034     Data_Service.obj (.text:DataService_AddService)
                  000049d4    00000034     ICallBleAPI.obj (.text:GAPBondMgr_SetParameter)
                  00004a08    00000034     ICallBleAPI.obj (.text:GAP_SetParamValue)
                  00004a3c    00000034     ICallCC2650.obj (.text:ICallPlatform_pwrRegisterNotify)
                  00004a70    00000034     ICall.obj (.text:ICall_primEntityId2ServiceId$1)
                  00004aa4    00000034     ICall.obj (.text:ICall_primFetchMsg$1)
                  00004ad8    00000034     ICall.obj (.text:ICall_primRegisterISR$1)
                  00004b0c    00000034     ICall.obj (.text:ICall_primRegisterISR_Ext$1)
                  00004b40    00000034     ICall.obj (.text:ICall_searchServiceEntity$1)
                  00004b74    00000034     drivers_cc26xxware.aem3 : PINCC26XX.oem3 (.text:PIN_setConfig)
                  00004ba8    00000034     ProjectZero.obj (.text:ProjectZero_processGATTMsg$0)
                  00004bdc    00000034     driverlib.lib : setup.obj (.text:SetAonRtcSubSecInc$23)
                  00004c10    00000034     util.obj (.text:Util_constructClock)
                  00004c44    00000034     ICallBleAPI.obj (.text:osal_snv_read)
                  00004c78    00000034     ICallBleAPI.obj (.text:osal_snv_write)
                  00004cac    00000034     ICallBleAPI.obj (.text:profileAddService$3)
                  00004ce0    00000034     ICallBleAPI.obj (.text:registerTask$3)
                  00004d14    00000032     driverlib.lib : osc.obj (.text:OSCHF_SwitchToRcOscTurnOffXosc)
                  00004d46    00000032     ICallBleAPI.obj (.text:gapSendParamsCmd$3)
                  00004d78    00000032     ICallBleAPI.obj (.text:gapSendPtrParamsCmd$3)
                  00004daa    00000032     ICallBleAPI.obj (.text:matchGapSetGetParamCS$3)
                  00004ddc    00000032     ICallBleAPI.obj (.text:matchGattCmdStatus$3)
                  00004e0e    00000032     ICallBleAPI.obj (.text:matchUtilNvCS$3)
                  00004e40    00000030     ICallBleAPI.obj (.text:GAPBondMgr_PasscodeRsp)
                  00004e70    00000030     ICallCC2650.obj (.text:ICallPlatform_pwrNotify$2)
                  00004ea0    00000030     ICall.obj (.text:ICall_heapInit)
                  00004ed0    00000030     ICall.obj (.text:ICall_msecs2Ticks$1)
                  00004f00    00000030     LED_Service.obj (.text:LedService_SetParameter)
                  00004f30    00000030     appBLE_UartLog_pem3.oem3 (.text:ti_sysbios_BIOS_atExitFunc__I)
                  00004f60    00000030     sysbios.aem3 : mangled__BIOS_lib.obj (.text:ti_sysbios_family_arm_cc26xx_Power_registerNotify__E)
                  00004f90    00000030                  : mangled__BIOS_lib.obj (.text:ti_sysbios_family_arm_cc26xx_Power_switchXOSC_HF__E)
                  00004fc0    00000030     ProjectZero.obj (.text:user_LedService_ValueChangeHandler$0)
                  00004ff0    00000030     appBLE_UartLog_pem3.oem3 (.text:xdc_runtime_LoggerCallback_Object__create__S)
                  00005020    00000030     sysbios.aem3 : mangled__BIOS_lib.obj (.text:xdc_runtime_LoggerCallback_write2__E)
                  00005050    0000002e     driverlib.lib : setup.obj (.text:GetTrimForRadcExtCfg$23)
                  0000507e    0000002e     ProjectZero.obj (.text:ICall_fetchServiceMsg$0)
                  000050ac    0000002e     peripheral.obj (.text:ICall_fetchServiceMsg$11)
                  000050da    0000002e     ICall.obj (.text:ICall_msgDequeue$1)
                  00005108    0000002e     ICallBleAPI.obj (.text:matchProfileAddServiceCS$3)
                  00005136    0000002c     driverlib.lib : aon_batmon.obj (.text:AONBatMonTemperatureGetDegC)
                  00005162    00000002     --HOLE-- [fill = 0]
                  00005164    0000002c     ICallBleAPI.obj (.text:GAPBondMgr_Register)
                  00005190    0000002c     ICallBleAPI.obj (.text:HCI_EXT_ConnEventNoticeCmd)
                  000051bc    0000002c     ICall.obj (.text:ICall_heapFree)
                  000051e8    0000002c     Button_Service.obj (.text:ICall_malloc$5)
                  00005214    0000002c     Data_Service.obj (.text:ICall_malloc$6)
                  00005240    0000002c     ICall.obj (.text:ICall_msgEnqueue$1)
                  0000526c    0000002c     ICall.obj (.text:ICall_primAllocMsg$1)
                  00005298    0000002c     ICall.obj (.text:ICall_primFetchServiceMsg$1)
                  000052c4    0000002c     ICall.obj (.text:ICall_searchTask$1)
                  000052f0    0000002c     ICallBleAPI.obj (.text:ICall_sendServiceMsg$3)
                  0000531c    0000002c     driverlib.lib : aon_rtc.obj (.text:NOROM_AONRTCCurrentCompareValueGet)
                  00005348    0000002a     ICallBleAPI.obj (.text:ICall_waitMatch$3)
                  00005372    0000002a     ICallBleAPI.obj (.text:matchProfileCS$3)
                  0000539c    0000002a     ProjectZero.obj (.text:user_updateCharVal$0)
                  000053c6    00000028     gattservapp_util.obj (.text:GATTServApp_WriteCharCfg)
                  000053ee    00000028     driverlib.lib : setup.obj (.text:GetTrimForAmpcompTh2$23)
                  00005416    00000002     --HOLE-- [fill = 0]
                  00005418    00000028     ICall.obj (.text:ICall_init)
                  00005440    00000028     ICall.obj (.text:ICall_msgPrepend$1)
                  00005468    00000028     ProjectZero.obj (.text:ICall_registerApp$0)
                  00005490    00000028     peripheral.obj (.text:ICall_registerApp$11)
                  000054b8    00000028     ProjectZero.obj (.text:ProjectZero_freeAttRsp$0)
                  000054e0    00000028     ProjectZero.obj (.text:buttonCallbackFxn$0)
                  00005508    00000028     gattservapp_util.obj (.text:gattServApp_FindCharCfgItem$10)
                  00005530    00000028     appBLE_UartLog_pem3.oem3 (.text:ti_sysbios_family_arm_cc26xx_Power_isDependencyActive)
                  00005558    00000028     sysbios.aem3 : mangled__BIOS_lib.obj (.text:ti_sysbios_family_arm_cc26xx_Timer_getMaxTicks__E)
                  00005580    00000028                  : mangled__BIOS_lib.obj (.text:xdc_runtime_LoggerCallback_write0__E)
                  000055a8    00000028                  : mangled__BIOS_lib.obj (.text:xdc_runtime_LoggerCallback_write1__E)
                  000055d0    00000026     driverlib.lib : osc.obj (.text:NOROM_OSCClockSourceGet)
                  000055f6    00000024     ICallBleAPI.obj (.text:GAPBondMgr_LinkTerm)
                  0000561a    00000024     ICallBleAPI.obj (.text:ICall_getLocalMsgEntityId$3)
                  0000563e    00000002     --HOLE-- [fill = 0]
                  00005640    00000024     ICall.obj (.text:ICall_searchService$1)
                  00005664    00000024     ICallBleAPI.obj (.text:ICall_threadServes$3)
                  00005688    00000024     main.obj (.text:main)
                  000056ac    00000024     appBLE_UartLog_pem3.oem3 (.text:ti_sysbios_BIOS_registerRTSLock__I)
                  000056d0    00000024     appBLE_UartLog_pem3.oem3 (.text:ti_sysbios_BIOS_removeRTSLock__I)
                  000056f4    00000024     appBLE_UartLog_pem3.oem3 (.text:ti_sysbios_BIOS_startFunc__I)
                  00005718    00000024     sysbios.aem3 : mangled__BIOS_lib.obj (.text:ti_sysbios_family_arm_cc26xx_Timer_dynamicStub__E)
                  0000573c    00000024     ProjectZero.obj (.text:user_DataService_ValueChangeHandler$0)
                  00005760    00000022     driverlib.lib : setup.obj (.text:GetTrimForAmpcompTh1$23)
                  00005782    00000022     ICall.obj (.text:ICall_dispatch$1)
                  000057a4    00000022     rtsv7M3_T_le_eabi.lib : memcmp.obj (.text)
                  000057c6    00000002     --HOLE-- [fill = 0]
                  000057c8    00000020     gattservapp_util.obj (.text:GATTServApp_InitCharCfg)
                  000057e8    00000020     ICallBleAPI.obj (.text:GATT_bm_alloc)
                  00005808    00000020     driverlib.lib : setup.obj (.text:GetTrimForRcOscLfRtuneCtuneTrim$23)
                  00005828    00000020                   : setup.obj (.text:GetTrimForXoscHfCtl$23)
                  00005848    00000020     ICallBleAPI.obj (.text:ICall_allocMsg$3)
                  00005868    00000020     ICallBleAPI.obj (.text:ICall_getEntityId$3)
                  00005888    00000020     ProjectZero.obj (.text:ICall_malloc$0)
                  000058a8    00000020     ICall.obj (.text:ICall_primService$1)
                  000058c8    00000020     appBLE_UartLog_pem3.oem3 (.text:ti_sysbios_BIOS_rtsLock__I)
                  000058e8    00000020     sysbios.aem3 : mangled__BIOS_lib.obj (.text:ti_sysbios_family_arm_cc26xx_TimestampProvider_get32__E)
                  00005908    0000001e     ICall.obj (.text:ICall_primSendServiceMsg$1)
                  00005926    0000001e     ICallBleAPI.obj (.text:matchHciCS$3)
                  00005944    0000001e     ICallBleAPI.obj (.text:waitMatchCS$3)
                  00005962    00000002     --HOLE-- [fill = 0]
                  00005964    0000001c     ICallBleAPI.obj (.text:GATT_bm_free)
                  00005980    0000001c     ProjectZero.obj (.text:ICall_wait$0)
                  0000599c    0000001c     peripheral.obj (.text:ICall_wait$11)
                  000059b8    0000001c     drivers_cc26xxware.aem3 : PINCC26XX.oem3 (.text:PINCC26XX_setIoCfgMux)
                  000059d4    0000001c     peripheral.obj (.text:gapRole_HandleParamUpdateNoSuccess$11)
                  000059f0    0000001c     ICallBleAPI.obj (.text:getStatusValueFromErrNo$3)
                  00005a0c    0000001c     ProjectZero.obj (.text:user_handleButtonPress$0)
                  00005a28    0000001c     sysbios.aem3 : mangled__BIOS_lib.obj (.text:xdc_runtime_LoggerCallback_Instance_init__E)
                  00005a44    0000001a     ICall.obj (.text:ICall_enterCSImpl)
                  00005a5e    0000001a     ICall.obj (.text:ICall_primSetTimerMSecs$1)
                  00005a78    0000001a     driverlib.lib : osc.obj (.text:OSCHF_TurnOnXosc)
                  00005a92    0000001a     ICallBleAPI.obj (.text:matchGattIndNotiCS$3)
                  00005aac    0000001a     ProjectZero.obj (.text:user_gapBondMgr_passcodeCB$0)
                  00005ac6    0000001a     ProjectZero.obj (.text:user_service_CfgChangeCB$0)
                  00005ae0    00000018     driverlib.lib : chipinfo.obj (.text:ChipInfo_GetPackageType)
                  00005af8    00000018     peripheral.obj (.text:GAPRole_StartDevice)
                  00005b10    00000018     peripheral.obj (.text:GAPRole_TerminateConnection)
                  00005b28    00000018     ICallBleAPI.obj (.text:GATT_Notification)
                  00005b40    00000018     driverlib.lib : setup.obj (.text:GetTrimForAdcShModeEn$23)
                  00005b58    00000018                   : setup.obj (.text:GetTrimForAdcShVbufEn$23)
                  00005b70    00000018                   : setup.obj (.text:GetTrimForDblrLoopFilterResetVoltage$23)
                  00005b88    00000018                   : setup.obj (.text:GetTrimForRcOscLfIBiasTrim$23)
                  00005ba0    00000018                   : setup.obj (.text:GetTrimForXoscHfIbiastherm$23)
                  00005bb8    00000018                   : setup.obj (.text:GetTrimForXoscLfRegulatorAndCmirrwrRatio$23)
                  00005bd0    00000018     ICallCC2650.obj (.text:ICallPlatform_pwrDispense)
                  00005be8    00000018     ICallCC2650.obj (.text:ICallPlatform_pwrRequire)
                  00005c00    00000018     ProjectZero.obj (.text:ICall_free$0)
                  00005c18    00000018     ProjectZero.obj (.text:ICall_freeMsg$0)
                  00005c30    00000018     peripheral.obj (.text:ICall_freeMsg$11)
                  00005c48    00000018     ICall.obj (.text:ICall_freeMsg$1)
                  00005c60    00000018     ICallBleAPI.obj (.text:ICall_freeMsg$3)
                  00005c78    00000018     ICall.obj (.text:ICall_initPrim$1)
                  00005c90    00000018     ICall.obj (.text:ICall_primMalloc$1)
                  00005ca8    00000018     peripheral.obj (.text:gapRole_setEvent$11)
                  00005cc0    00000018     rtsv7M3_T_le_eabi.lib : args_main.obj (.text)
                  00005cd8    00000018                           : ll_mul_t2.obj (.text)
                  00005cf0    00000018     appBLE_UartLog_pem3.oem3 (.text:ti_sysbios_BIOS_rtsUnlock__I)
                  00005d08    00000018     appBLE_UartLog_pem3.oem3 (.text:ti_sysbios_family_arm_cc26xx_Power_RFCORECLKS)
                  00005d20    00000018     sysbios.aem3 : mangled__BIOS_lib.obj (.text:ti_sysbios_family_arm_cc26xx_Timer_getCount64__E)
                  00005d38    00000018     appBLE_UartLog_pem3.oem3 (.text:ti_sysbios_rom_cortexm_cc26xx_CC26xx_checkRevision__E)
                  00005d50    00000016     driverlib.lib : setup.obj (.text:GetTrimForXoscHfFastStart$23)
                  00005d66    00000016     ICall.obj (.text:ICall_abort$1)
                  00005d7c    00000016     ICall.obj (.text:ICall_leaveCSImpl)
                  00005d92    00000016     ICall.obj (.text:ICall_primStopTimer$1)
                  00005da8    00000016     main.obj (.text:exceptionHandler)
                  00005dbe    00000016     appBLE_UartLog_pem3.oem3 (.text:ti_sysbios_BIOS_exitFunc__I)
                  00005dd4    00000016     ProjectZero.obj (.text:user_service_ValueChangeCB$0)
                  00005dea    00000002     --HOLE-- [fill = 0]
                  00005dec    00000014     Button_Service.obj (.text:ButtonService_RegisterAppCBs)
                  00005e00    00000014     Data_Service.obj (.text:DataService_RegisterAppCBs)
                  00005e14    00000014     devinfoservice.obj (.text:DevInfo_AddService)
                  00005e28    00000014     ICallCC2650.obj (.text:ICallPlatform_pwrIsStableXOSCHF)
                  00005e3c    00000014     LED_Service.obj (.text:LedService_AddService)
                  00005e50    00000014     LED_Service.obj (.text:LedService_RegisterAppCBs)
                  00005e64    00000014     drivers_cc26xxware.aem3 : PINCC26XX.oem3 (.text:PINCC26XX_getInputValue)
                  00005e78    00000014     driverlib.lib : chipinfo.obj (.text:ThisCodeIsBuiltForCC26xxHwRev22AndLater_HaltIfViolated)
                  00005e8c    00000014     rtsv7M3_T_le_eabi.lib : _lock.obj (.text)
                  00005ea0    00000014                           : strlen.obj (.text)
                  00005eb4    00000014     ICallBleAPI.obj (.text:setICallCmdEvtHdr$3)
                  00005ec8    00000014     appBLE_UartLog_pem3.oem3 (.text:ti_sysbios_knl_Clock_doTick__I)
                  00005edc    00000012     gattservapp_util.obj (.text:GATTServApp_FindAttr)
                  00005eee    00000012     ProjectZero.obj (.text:user_gapStateChangeCB$0)
                  00005f00    00000012     appBLE_UartLog_pem3.oem3 (.text:xdc_runtime_Startup_exec__I)
                  00005f12    00000002     --HOLE-- [fill = 0]
                  00005f14    00000010     ICallBleAPI.obj (.text:GAP_EndDiscoverable)
                  00005f24    00000010     gattservapp_util.obj (.text:GATTServApp_ReadCharCfg)
                  00005f34    00000010     ICallCC2650.obj (.text:ICallPlatform_pwrGetXOSCStartupTime)
                  00005f44    00000010     ICall.obj (.text:ICall_primGetTickPeriod$1)
                  00005f54    00000010     ICall.obj (.text:ICall_taskEntry$1)
                  00005f64    00000010     util.obj (.text:Util_isActive)
                  00005f74    00000010     appBLE_UartLog_pem3.oem3 (.text:xdc_runtime_LoggerCallback_Object__get__S)
                  00005f84    0000000e     ICallCC2650.obj (.text:ICallPlatform_pwrGetTransitionState)
                  00005f92    0000000e     ICall.obj (.text:ICall_primDisableMInt$1)
                  00005fa0    0000000e     ICall.obj (.text:ICall_primEnableMInt$1)
                  00005fae    0000000e     ICall.obj (.text:ICall_primFreeMsg$1)
                  00005fbc    0000000e     ICall.obj (.text:ICall_primGetTicks$1)
                  00005fca    0000000e     driverlib.lib : vims.obj (.text:NOROM_VIMSModeGet)
                  00005fd8    0000000e     ProjectZero.obj (.text:ProjectZero_processStackMsg$0)
                  00005fe6    0000000e     driverlib.lib : setup.obj (.text:SignExtendVddrTrimValue$23)
                  00005ff4    0000000e     rtsv7M3_T_le_eabi.lib : copy_decompress_none.obj (.text:decompress:none)
                  00006002    0000000e     ICallBleAPI.obj (.text:matchGSARegisterServiceCS$3)
                  00006010    0000000e     ICallBleAPI.obj (.text:matchGapLinkEstCS$3)
                  0000601e    0000000e     ICallBleAPI.obj (.text:matchGapPasscodeCS$3)
                  0000602c    0000000e     ICallBleAPI.obj (.text:matchGattSendRspCS$3)
                  0000603a    0000000e     ICallBleAPI.obj (.text:matchLinkDBNumConnsCS$3)
                  00006048    0000000e     ICallBleAPI.obj (.text:setDispatchCmdEvtHdr$3)
                  00006056    00000002     --HOLE-- [fill = 0]
                  00006058    0000000c     ICallBleAPI.obj (.text:GAP_MakeDiscoverable)
                  00006064    0000000c     ICallBleAPI.obj (.text:GAP_TerminateAuth)
                  00006070    0000000c     ICallBleAPI.obj (.text:GAP_UpdateLinkParamReq)
                  0000607c    0000000c     ICallBleAPI.obj (.text:GGS_SetParameter)
                  00006088    0000000c     ICall.obj (.text:ICall_clockFunc$1)
                  00006094    0000000c     ICall.obj (.text:ICall_primDisableInt$1)
                  000060a0    0000000c     ICall.obj (.text:ICall_primEnableInt$1)
                  000060ac    0000000c     ICall.obj (.text:ICall_primFree$1)
                  000060b8    0000000c     ICall.obj (.text:ICall_primSignal$1)
                  000060c4    0000000c     driverlib.lib : cpu.obj (.text:NOROM_CPUcpsid)
                  000060d0    0000000c                   : cpu.obj (.text:NOROM_CPUcpsie)
                  000060dc    0000000c     drivers_cc26xxware.aem3 : PINCC26XX.oem3 (.text:PIN_registerIntCb)
                  000060e8    0000000c     ICallBleAPI.obj (.text:matchProfileSetParamCS$3)
                  000060f4    0000000c     sysbios.aem3 : mangled__BIOS_lib.obj (.text:ti_sysbios_BIOS_getThreadType__E)
                  00006100    0000000c                  : mangled__BIOS_lib.obj (.text:ti_sysbios_family_arm_cc26xx_Power_getTransitionState__E)
                  0000610c    0000000c                  : mangled__BIOS_lib.obj (.text:ti_sysbios_hal_Hwi_Params__init__S)
                  00006118    0000000c     appBLE_UartLog_pem3.oem3 (.text:xdc_runtime_Startup_reset__I)
                  00006124    0000000a     ICallCC2650.obj (.text:ICallPlatform_pwrSwitchXOSCHF)
                  0000612e    0000000a     ICall.obj (.text:ICall_primE2S$1)
                  00006138    0000000a     sysbios.aem3 : mangled__BIOS_lib.obj (.text:xdc_runtime_LoggerCallback_disable__E)
                  00006142    0000000a                  : mangled__BIOS_lib.obj (.text:xdc_runtime_LoggerCallback_enable__E)
                  0000614c    00000008     ICallBleAPI.obj (.text:matchHciExtConnEventNoticeCS$3)
                  00006154    00000006     ICallBleAPI.obj (.text:GAP_RegisterForMsgs)
                  0000615a    00000006     ICallBleAPI.obj (.text:GATT_Indication)
                  00006160    00000006     ICallBleAPI.obj (.text:GATT_RegisterForMsgs)
                  00006166    00000006     ICallBleAPI.obj (.text:GGS_AddService)
                  0000616c    00000006     ICall.obj (.text:ICall_mallocImpl)
                  00006172    00000006     rtsv7M3_T_le_eabi.lib : copy_decompress_rle.obj (.text:decompress:rle24)
                  00006178    00000006     ICallBleAPI.obj (.text:gattAddService$3)
                  0000617e    00000006     ICallBleAPI.obj (.text:matchBondMgrSetParamCS$3)
                  00006184    00000006     ICallBleAPI.obj (.text:matchGGSSetParamCS$3)
                  0000618a    00000006     ICallBleAPI.obj (.text:matchGapDeviceInitCS$3)
                  00006190    00000006     ICallBleAPI.obj (.text:matchGapEndDiscoverableCS$3)
                  00006196    00000006     ICallBleAPI.obj (.text:matchGapGetParamCS$3)
                  0000619c    00000006     ICallBleAPI.obj (.text:matchGapMakeDiscoverableCS$3)
                  000061a2    00000006     ICallBleAPI.obj (.text:matchGapSetParamCS$3)
                  000061a8    00000006     ICallBleAPI.obj (.text:matchGapTerminateAuthCS$3)
                  000061ae    00000006     ICallBleAPI.obj (.text:matchGapTerminateLinkReqCS$3)
                  000061b4    00000006     ICallBleAPI.obj (.text:matchGapUpdateAdvDataCS$3)
                  000061ba    00000006     ICallBleAPI.obj (.text:matchGapUpdateLinkParamReqCS$3)
                  000061c0    00000006     ICallBleAPI.obj (.text:matchUtilNvReadCS$3)
                  000061c6    00000006     ICallBleAPI.obj (.text:matchUtilNvWriteCS$3)
                  000061cc    00000004     ICall.obj (.text:ICall_primAbort$1)
                  000061d0    00000004     util.obj (.text:Util_stopClock)
                  000061d4    00000004     peripheral.obj (.text:gapRole_SetupGAP$11)
                  000061d8    00000004     appBLE_UartLog_pem3.oem3 (.text:ti_sysbios_family_arm_cc26xx_Power_NOP)
                  000061dc    00000004     sysbios.aem3 : mangled__BIOS_lib.obj (.text:ti_sysbios_knl_Clock_isActive__E)
                  000061e0    00000004                  : mangled__BIOS_lib.obj (.text:xdc_runtime_LoggerCallback_defaultCreate)
                  000061e4    00000008     (.tramp.xdc_runtime_Core_assignParams__I.1)
                  000061ec    00000008     (.tramp.ti_sysbios_hal_Hwi_enableInterrupt__E.1)
                  000061f4    00000008     (.tramp.ti_sysbios_hal_Hwi_disableInterrupt__E.1)
                  000061fc    00000008     (.tramp.ti_sysbios_knl_Task_enable__E.1)
                  00006204    00000008     (.tramp.ti_sysbios_family_arm_m3_Hwi_enableFxn__E.1)
                  0000620c    00000008     (.tramp.xdc_runtime_Startup_startMods__I.1)
                  00006214    00000008     (.tramp.ti_sysbios_knl_Swi_post__E.1)
                  0000621c    00000008     (.tramp.ti_sysbios_knl_Clock_logTick__E.1)
                  00006224    00000008     (.tramp.ti_sysbios_BIOS_RtsGateProxy_leave__E.1)
                  0000622c    00000008     (.tramp.ti_sysbios_BIOS_RtsGateProxy_enter__E.1)
                  00006234    00000008     (.tramp.ti_sysbios_knl_Task_startup__E.1)
                  0000623c    00000008     (.tramp.ti_sysbios_knl_Swi_startup__E.1)
                  00006244    00000008     (.tramp.ti_sysbios_hal_Hwi_startup__E.1)
                  0000624c    00000008     (.tramp.ti_sysbios_family_arm_cc26xx_Timer_startup__E.1)
                  00006254    00000008     (.tramp.xdc_runtime_System_atexit__E.1)
                  0000625c    00000008     (.tramp.ti_sysbios_BIOS_start__E.1)
                  00006264    00000008     (.tramp.xdc_runtime_Core_createObject__I.1)
                  0000626c    00000008     (.tramp.ti_sysbios_knl_Queue_put__E.1)
                  00006274    00000008     (.tramp.ti_sysbios_BIOS_setThreadType__E.1)
                  0000627c    00000008     (.tramp.ti_sysbios_hal_Hwi_create.1)
                  00006284    00000008     (.tramp.ti_sysbios_knl_Task_construct.1)
                  0000628c    00000008     (.tramp.xdc_runtime_System_exit__E.1)
                  00006294    00000008     (.tramp.ti_sysbios_knl_Semaphore_create.1)
                  0000629c    00000008     (.tramp.ti_sysbios_knl_Queue_enqueue__E.1)
                  000062a4    00000008     (.tramp.ti_sysbios_knl_Task_create.1)
                  000062ac    00000008     (.tramp.ti_sysbios_knl_Task_Params__init__S.1)
                  000062b4    00000008     (.tramp.ti_sysbios_knl_Queue_dequeue__E.1)
                  000062bc    00000008     (.tramp.ti_sysbios_knl_Clock_create.1)
                  000062c4    00000008     (.tramp.ti_sysbios_knl_Clock_scheduleNextTick__E.1)
                  000062cc    00000008     (.tramp.ti_sysbios_knl_Clock_walkQueueDynamic__E.1)
                  000062d4    00000008     (.tramp.ti_sysbios_family_arm_m3_Hwi_restoreFxn__E.1)
                  000062dc    00000008     (.tramp.ti_sysbios_family_arm_m3_Hwi_disableFxn__E.1)
                  000062e4    00000008     (.tramp.ti_sysbios_knl_Semaphore_post__E.1)
                  000062ec    00000008     (.tramp.ti_sysbios_knl_Semaphore_pend__E.1)
                  000062f4    00000008     (.tramp.ti_sysbios_knl_Clock_getTicks__E.1)
                  000062fc    00000008     (.tramp.ti_sysbios_knl_Task_self__E.1)
                  00006304    00000008     (.tramp.ti_sysbios_knl_Clock_stop__E.1)
[...]
1001c213  ti_sysbios_family_arm_m3_Hwi_doTaskRestore__I                             
1001c219  ti_sysbios_family_arm_m3_Hwi_restoreFxn__E                                
1001c21f  ti_sysbios_gates_GateHwi_leave__E                                         
1001c225  ti_sysbios_knl_Clock_stop__E                                              
1001c22b  ti_sysbios_knl_Queue_Instance_init__E                                     
1001c231  ti_sysbios_knl_Queue_elemClear__E                                         
1001c237  ti_sysbios_knl_Swi_Module_startup__E                                      
1001c23d  ti_sysbios_knl_Swi_startup__E                                             
1001c243  ti_sysbios_knl_Task_enable__E                                             
1001c249  ti_sysbios_BIOS_RtsGateProxy_enter__E                                     
1001c24d  ti_sysbios_BIOS_RtsGateProxy_leave__E                                     
1001c251  ti_sysbios_family_arm_cc26xx_Timer_getExpiredTicks__E                     
1001c255  ti_sysbios_family_arm_cc26xx_Timer_getPeriod__E                           
1001c259  ti_sysbios_family_arm_cc26xx_Timer_setPeriod__E                           
1001c25d  ti_sysbios_family_arm_m3_Hwi_delete                                       
1001c261  ti_sysbios_family_arm_m3_Hwi_destruct                                     
1001c265  ti_sysbios_family_arm_m3_TaskSupport_Module__startupDone__S               
1001c269  ti_sysbios_gates_GateHwi_query__E                                         
1001c269  xdc_runtime_System_Module_GateProxy_query__E                              
1001c26d  ti_sysbios_gates_GateMutex_delete                                         
1001c271  ti_sysbios_gates_GateMutex_destruct                                       
1001c275  ti_sysbios_BIOS_RtsGateProxy_query__E                                     
1001c275  ti_sysbios_gates_GateMutex_query__E                                       
1001c275  ti_sysbios_heaps_HeapMem_Module_GateProxy_query__E                        
1001c279  ti_sysbios_hal_Hwi_HwiProxy_Module__startupDone__S                        
1001c27d  ti_sysbios_hal_Hwi_HwiProxy_delete                                        
1001c281  ti_sysbios_hal_Hwi_HwiProxy_disableInterrupt__E                           
1001c281  ti_sysbios_hal_Hwi_disableInterrupt__E                                    
1001c285  ti_sysbios_hal_Hwi_HwiProxy_enableInterrupt__E                            
1001c285  ti_sysbios_hal_Hwi_enableInterrupt__E                                     
1001c289  ti_sysbios_hal_Hwi_HwiProxy_getStackInfo__E                               
1001c289  ti_sysbios_hal_Hwi_getStackInfo__E                                        
1001c28d  ti_sysbios_hal_Hwi_HwiProxy_startup__E                                    
1001c28d  ti_sysbios_hal_Hwi_startup__E                                             
1001c291  ti_sysbios_hal_Hwi_HwiProxy_switchFromBootStack__E                        
1001c295  ti_sysbios_hal_Hwi_delete                                                 
1001c299  ti_sysbios_hal_Hwi_switchFromBootStack__E                                 
1001c29d  ti_sysbios_heaps_HeapMem_Module_GateProxy_enter__E                        
1001c2a1  ti_sysbios_heaps_HeapMem_Module_GateProxy_leave__E                        
1001c2a5  ti_sysbios_heaps_HeapMem_isBlocking__E                                    
1001c2a9  ti_sysbios_knl_Clock_TimerProxy_Module__startupDone__S                    
1001c2ad  ti_sysbios_knl_Clock_TimerProxy_getExpiredTicks__E                        
1001c2b1  ti_sysbios_knl_Clock_TimerProxy_getPeriod__E                              
1001c2b5  ti_sysbios_knl_Clock_delete                                               
1001c2b9  ti_sysbios_knl_Clock_destruct                                             
1001c2bd  ti_sysbios_knl_Clock_removeI__E                                           
1001c2c1  ti_sysbios_knl_Clock_setTimeout__E                                        
1001c2c5  ti_sysbios_knl_Mailbox_delete                                             
1001c2c9  ti_sysbios_knl_Mailbox_destruct                                           
1001c2cd  ti_sysbios_knl_Queue_delete                                               
1001c2d1  ti_sysbios_knl_Queue_destruct                                             
1001c2d5  ti_sysbios_knl_Queue_head__E                                              
1001c2d9  ti_sysbios_knl_Queue_next__E                                              
1001c2dd  ti_sysbios_knl_Semaphore_delete                                           
1001c2e1  ti_sysbios_knl_Semaphore_destruct                                         
1001c2e5  ti_sysbios_knl_Swi_delete                                                 
1001c2e9  ti_sysbios_knl_Swi_destruct                                               
1001c2ed  ti_sysbios_knl_Swi_postInit__I                                            
1001c2f1  ti_sysbios_knl_Task_SupportProxy_Module__startupDone__S                   
1001c2f5  ti_sysbios_knl_Task_SupportProxy_getStackAlignment__E                     
1001c2f9  ti_sysbios_knl_Task_SupportProxy_start__E                                 
1001c2fd  ti_sysbios_knl_Task_SupportProxy_swap__E                                  
1001c301  ti_sysbios_knl_Task_delete                                                
1001c305  ti_sysbios_knl_Task_destruct                                              
1001c309  ti_sysbios_knl_Task_startup__E                                            
1001c30d  xdc_runtime_Startup_startMods__I                                          
1001c405  xdc_runtime_Core_createObject__I                                          
1001c487  xdc_runtime_Error_policySpin__E                                           
1001c489  xdc_runtime_Memory_alloc__E                                               
1001c4f9  xdc_runtime_Core_deleteObject__I                                          
1001c559  xdc_runtime_Startup_exec__E                                               
1001c5a9  xdc_runtime_Assert_raise__I                                               
1001c5f1  xdc_runtime_Core_assignParams__I                                          
1001c639  xdc_runtime_Core_constructObject__I                                       
1001c681  xdc_runtime_System_atexit__E                                              
1001c6b9  xdc_runtime_System_processAtExit__E                                       
1001c6ed  xdc_runtime_Core_assignLabel__I                                           
1001c71d  xdc_runtime_Text_cordText__E                                              
1001c749  xdc_runtime_System_abort__E                                               
1001c769  xdc_runtime_Error_raiseX__E                                               
1001c785  xdc_runtime_Memory_valloc__E                                              
1001c7a1  xdc_runtime_Core_destructObject__I                                        
1001c7b9  xdc_runtime_Error_check__E                                                
1001c7d1  xdc_runtime_System_exit__E                                                
1001c7e9  xdc_runtime_Text_ropeText__E                                              
1001c801  xdc_runtime_Memory_free__E                                                
1001c811  xdc_runtime_SysCallback_abort__E                                          
1001c821  xdc_runtime_SysCallback_exit__E                                           
1001c831  xdc_runtime_Timestamp_SupportProxy_get32__E                               
1001c831  xdc_runtime_Timestamp_get32__E                                            
1001c841  xdc_runtime_Error_init__E                                                 
1001c84d  xdc_runtime_Memory_calloc__E                                              
1001c859  xdc_runtime_Memory_getMaxDefaultTypeAlign__E                              
1001c879  xdc_runtime_Gate_leaveSystem__E                                           
1001c87f  xdc_runtime_System_Module_startup__E                                      
1001c885  xdc_runtime_Gate_enterSystem__E                                           
1001c889  xdc_runtime_Memory_HeapProxy_alloc__E                                     
1001c88d  xdc_runtime_Memory_HeapProxy_free__E                                      
1001c891  xdc_runtime_System_Module_GateProxy_enter__E                              
1001c895  xdc_runtime_System_Module_GateProxy_leave__E                              
1001c899  xdc_runtime_System_abortSpin__E                                           
1001c89b  xdc_runtime_System_exitSpin__E                                            
1001c89d  ti_sysbios_family_arm_m3_Hwi_dispatch__I                                  
1001c96d  ti_sysbios_family_arm_m3_TaskSupport_buildTaskStack                       
1001c9b9  ti_sysbios_family_arm_m3_Hwi_initStacks__E                                
1001ca01  ti_sysbios_family_arm_m3_Hwi_excHandlerAsm__I                             
1001ca21  ti_sysbios_family_xxx_Hwi_switchAndRunFunc                                
1001ca3f  ti_sysbios_family_arm_m3_Hwi_pendSV__I                                    
1001ca57  ti_sysbios_family_arm_m3_Hwi_return                                       
1001ca59  ti_sysbios_family_arm_m3_TaskSupport_glue                                 
1001ca69  ti_sysbios_family_arm_m3_TaskSupport_swap__E                              
1001ca71  ti_sysbios_knl_Task_swapReturn                                            
1001ca9b  ti_sysbios_rom_cortexm_cc26xx_CC26xx_getRevision__E                       
20000000  ti_sysbios_family_arm_m3_Hwi_ramVectors                                   
20000100  ti_sysbios_knl_Task_Module__state__V                                      
20000144  ti_sysbios_family_arm_m3_Hwi_Module__state__V                             
20000178  ti_sysbios_knl_Clock_Module__state__V                                     
200001a4  ti_sysbios_BIOS_Module__state__V                                          
200001c8  ti_sysbios_knl_Swi_Module__state__V                                       
200001e4  ti_sysbios_family_arm_cc26xx_Timer_Module__state__V                       
200001ec  ti_sysbios_family_arm_cc26xx_TimestampProvider_Module__state__V           
200001f0  xdc_runtime_Startup_Module__state__V                                      
200001f8  xdc_runtime_System_Module__state__V                                       
20000200  xdc_runtime_Memory_Module__state__V                                       
20000dc0  ti_sysbios_heaps_HeapMem_Instance_State_0_buf__A                          
20001440  ti_sysbios_knl_Task_Instance_State_0_stack__A                             
20001640  ti_sysbios_family_arm_m3_Hwi_dispatchTable                                
20001708  PIN_HandleTable                                                           
20001808  PIN_NumPins                                                               
20001810  driverlib_release_0_43243                                                 
2000187c  ledPinTable                                                               
20001888  buttonPinTable                                                            
2000193c  przTask                                                                   
2000198c  przTaskStack                                                              
20001cac  linkDBNumConns                                                            
20001dc0  gapRoleTask                                                               
20001e10  gapRoleTaskStack                                                          
20002298  ICall_dispatcher                                                          
200022a0  ICall_enterCriticalSection                                                
200022a4  ICall_leaveCriticalSection                                                
200023a8  ti_sysbios_family_arm_cc26xx_Power_Module__state__V                       
20002474  TSK_idle                                                                  
20002474  ti_sysbios_knl_Task_Object__table__V                                      
200024c0  ti_sysbios_family_arm_cc26xx_Timer_Object__table__V                       
20002508  ti_sysbios_gates_GateMutex_Object__table__V                               
20002540  rfRegTbl                                                                  
20002574  ti_sysbios_family_arm_m3_Hwi_Object__table__V                             
200025a4  ti_sysbios_knl_Swi_Module_State_0_readyQ__A                               
200025d4  ti_sysbios_knl_Swi_Object__table__V                                       
20002604  ti_sysbios_knl_Task_Module_State_0_readyQ__A                              
20002650  user0Cfg                                                                  
2000266c  ti_sysbios_heaps_HeapMem_Object__table__V                                 
20002684  ti_sysbios_family_arm_cc26xx_Power_refCount                               
20002698  xdc_runtime_LoggerCallback_Object__table__V                               
200026a8  __TI_cleanup_ptr                                                          
200026ac  __TI_dtors_ptr                                                            
200026b0  __TI_enable_exit_profile_output                                           
200026b4  lastAppOpcodeSent                                                         
200026b8  pfnBMAlloc                                                                
200026bc  pfnBMFree                                                                 
200026c0  ti_sysbios_family_arm_cc26xx_Power_resourceHandlers                       
200026d8  _lock                                                                     
200026dc  _unlock                                                                   
200026e8  ti_sysbios_family_arm_m3_Hwi_Module__root__V                              
200026f0  ti_sysbios_gates_GateHwi_Module__root__V                                  
200026f8  ti_sysbios_gates_GateMutex_Module__root__V                                
20002700  ti_sysbios_hal_Hwi_Module__root__V                                        
20002708  ti_sysbios_heaps_HeapMem_Module__root__V                                  
20002710  ti_sysbios_knl_Clock_Module__root__V                                      
20002718  ti_sysbios_knl_Mailbox_Module__root__V                                    
20002720  ti_sysbios_knl_Queue_Module__root__V                                      
20002728  ti_sysbios_knl_Semaphore_Module__root__V                                  
20002730  ti_sysbios_knl_Swi_Module__root__V                                        
20002738  ti_sysbios_knl_Task_Module__root__V                                       
20002740  xdc_runtime_LoggerCallback_Module__root__V                                
20002748  ti_sysbios_family_arm_cc26xx_Power_constraintCounts                       
20002750  main_func_sp                                                              
20002754  ti_sysbios_family_arm_m3_Hwi_Module_State_0_excContext__A                 
20002758  ti_sysbios_family_arm_m3_Hwi_Module_State_0_excStack__A                   
2000275c  ti_sysbios_knl_Task_Module_State_0_idleTask__A                            
20002762  ti_sysbios_family_arm_m3_Hwi_Module_State_0_excActive__A                  
20003fe4  __stack                                                                   
200043e4  __STACK_END                                                               
200043e4  __STACK_TOP                                                               
e000e000  ti_sysbios_family_arm_m3_Hwi_nvic                                         
ffffffff  __TI_pprof_out_hndl                                                       
ffffffff  __TI_prof_data_size                                                       
ffffffff  __TI_prof_data_start                                                      
ffffffff  __binit__                                                                 
ffffffff  __c_args__                                                                
ffffffff  binit                                                                     
UNDEFED   SHT$$INIT_ARRAY$$Base                                                     
UNDEFED   SHT$$INIT_ARRAY$$Limit                                                    
UNDEFED   ti_sysbios_BIOS_RtsGateProxy_Handle__label__S__mangled__                  
UNDEFED   ti_sysbios_BIOS_RtsGateProxy_Object__delete__S__mangled__                 
UNDEFED   ti_sysbios_BIOS_RtsGateProxy_Params__init__S__mangled__                   
UNDEFED   ti_sysbios_BIOS_RtsGateProxy_query__E__mangled__                          
UNDEFED   ti_sysbios_hal_Hwi_HwiProxy_Module__startupDone__S__mangled__             
UNDEFED   ti_sysbios_hal_Hwi_HwiProxy_Object__delete__S__mangled__                  
UNDEFED   ti_sysbios_hal_Hwi_HwiProxy_Params__init__S__mangled__                    
UNDEFED   ti_sysbios_hal_Hwi_HwiProxy_disableInterrupt__E__mangled__                
UNDEFED   ti_sysbios_hal_Hwi_HwiProxy_enableInterrupt__E__mangled__                 
UNDEFED   ti_sysbios_hal_Hwi_HwiProxy_getStackInfo__E__mangled__                    
UNDEFED   ti_sysbios_hal_Hwi_HwiProxy_startup__E__mangled__                         
UNDEFED   ti_sysbios_hal_Hwi_HwiProxy_switchFromBootStack__E__mangled__             
UNDEFED   ti_sysbios_hal_Hwi_disableInterrupt__E__mangled__                         
UNDEFED   ti_sysbios_hal_Hwi_enableInterrupt__E__mangled__                          
UNDEFED   ti_sysbios_hal_Hwi_getStackInfo__E__mangled__                             
UNDEFED   ti_sysbios_hal_Hwi_startup__E__mangled__                                  
UNDEFED   ti_sysbios_hal_Hwi_switchFromBootStack__E__mangled__                      
UNDEFED   ti_sysbios_heaps_HeapMem_Module_GateProxy_Handle__label__S__mangled__     
UNDEFED   ti_sysbios_heaps_HeapMem_Module_GateProxy_Object__delete__S__mangled__    
UNDEFED   ti_sysbios_heaps_HeapMem_Module_GateProxy_Params__init__S__mangled__      
UNDEFED   ti_sysbios_heaps_HeapMem_Module_GateProxy_query__E__mangled__             
UNDEFED   ti_sysbios_knl_Clock_TimerProxy_Module__startupDone__S__mangled__         
UNDEFED   ti_sysbios_knl_Clock_TimerProxy_startup__E__mangled__                     
UNDEFED   ti_sysbios_knl_Task_SupportProxy_Module__startupDone__S__mangled__        
UNDEFED   ti_sysbios_knl_Task_SupportProxy_getStackAlignment__E__mangled__          
UNDEFED   ti_sysbios_knl_Task_SupportProxy_start__E__mangled__                      
UNDEFED   ti_sysbios_knl_Task_SupportProxy_swap__E__mangled__                       
UNDEFED   xdc_runtime_Main_Module_GateProxy_Handle__label__S                        
UNDEFED   xdc_runtime_Main_Module_GateProxy_Object__delete__S                       
UNDEFED   xdc_runtime_Main_Module_GateProxy_query__E                                
UNDEFED   xdc_runtime_Memory_HeapProxy_Handle__label__S__mangled__                  
UNDEFED   xdc_runtime_Memory_HeapProxy_Object__delete__S__mangled__                 
UNDEFED   xdc_runtime_System_Module_GateProxy_Handle__label__S__mangled__           
UNDEFED   xdc_runtime_System_Module_GateProxy_Object__delete__S__mangled__          
UNDEFED   xdc_runtime_System_Module_GateProxy_query__E__mangled__                   
UNDEFED   xdc_runtime_System_SupportProxy_abort__E                                  
UNDEFED   xdc_runtime_System_SupportProxy_exit__E                                   
UNDEFED   xdc_runtime_Timestamp_SupportProxy_get64__E__mangled__                    
UNDEFED   xdc_runtime_Timestamp_SupportProxy_getFreq__E__mangled__                  
UNDEFED   xdc_runtime_Timestamp_get32__E__mangled__                                 
UNDEFED   xdc_runtime_Timestamp_get64__E__mangled__                                 
UNDEFED   xdc_runtime_Timestamp_getFreq__E__mangled__                               

[830 symbols]
